/Users/faner/Documents/Repo/NFC12A1+L476/Drivers/BSP/Components/st25r500/rfal_rfst25r500.c:477:12:rfalInitialize	16	static
/Users/faner/Documents/Repo/NFC12A1+L476/Drivers/BSP/Components/st25r500/rfal_rfst25r500.c:557:12:rfalCalibrate	8	static
/Users/faner/Documents/Repo/NFC12A1+L476/Drivers/BSP/Components/st25r500/rfal_rfst25r500.c:574:12:rfalAdjustRegulators	16	static
/Users/faner/Documents/Repo/NFC12A1+L476/Drivers/BSP/Components/st25r500/rfal_rfst25r500.c:591:12:rfalSetRegulators	16	static
/Users/faner/Documents/Repo/NFC12A1+L476/Drivers/BSP/Components/st25r500/rfal_rfst25r500.c:598:6:rfalSetUpperLayerCallback	16	static
/Users/faner/Documents/Repo/NFC12A1+L476/Drivers/BSP/Components/st25r500/rfal_rfst25r500.c:605:6:rfalSetPreTxRxCallback	16	static
/Users/faner/Documents/Repo/NFC12A1+L476/Drivers/BSP/Components/st25r500/rfal_rfst25r500.c:612:6:rfalSetSyncTxRxCallback	16	static
/Users/faner/Documents/Repo/NFC12A1+L476/Drivers/BSP/Components/st25r500/rfal_rfst25r500.c:619:6:rfalSetPostTxRxCallback	16	static
/Users/faner/Documents/Repo/NFC12A1+L476/Drivers/BSP/Components/st25r500/rfal_rfst25r500.c:626:6:rfalSetLmEonCallback	16	static
/Users/faner/Documents/Repo/NFC12A1+L476/Drivers/BSP/Components/st25r500/rfal_rfst25r500.c:633:12:rfalDeinitialize	8	static
/Users/faner/Documents/Repo/NFC12A1+L476/Drivers/BSP/Components/st25r500/rfal_rfst25r500.c:647:6:rfalSetObsvMode	16	static
/Users/faner/Documents/Repo/NFC12A1+L476/Drivers/BSP/Components/st25r500/rfal_rfst25r500.c:655:6:rfalGetObsvMode	16	static
/Users/faner/Documents/Repo/NFC12A1+L476/Drivers/BSP/Components/st25r500/rfal_rfst25r500.c:670:6:rfalDisableObsvMode	4	static
/Users/faner/Documents/Repo/NFC12A1+L476/Drivers/BSP/Components/st25r500/rfal_rfst25r500.c:678:12:rfalSetMode	24	static
/Users/faner/Documents/Repo/NFC12A1+L476/Drivers/BSP/Components/st25r500/rfal_rfst25r500.c:885:10:rfalGetMode	4	static
/Users/faner/Documents/Repo/NFC12A1+L476/Drivers/BSP/Components/st25r500/rfal_rfst25r500.c:891:12:rfalSetBitRate	24	static
/Users/faner/Documents/Repo/NFC12A1+L476/Drivers/BSP/Components/st25r500/rfal_rfst25r500.c:993:12:rfalGetBitRate	16	static
/Users/faner/Documents/Repo/NFC12A1+L476/Drivers/BSP/Components/st25r500/rfal_rfst25r500.c:1015:6:rfalSetErrorHandling	16	static
/Users/faner/Documents/Repo/NFC12A1+L476/Drivers/BSP/Components/st25r500/rfal_rfst25r500.c:1039:15:rfalGetErrorHandling	4	static
/Users/faner/Documents/Repo/NFC12A1+L476/Drivers/BSP/Components/st25r500/rfal_rfst25r500.c:1046:6:rfalSetFDTPoll	16	static
/Users/faner/Documents/Repo/NFC12A1+L476/Drivers/BSP/Components/st25r500/rfal_rfst25r500.c:1053:10:rfalGetFDTPoll	4	static
/Users/faner/Documents/Repo/NFC12A1+L476/Drivers/BSP/Components/st25r500/rfal_rfst25r500.c:1060:6:rfalSetFDTListen	16	static
/Users/faner/Documents/Repo/NFC12A1+L476/Drivers/BSP/Components/st25r500/rfal_rfst25r500.c:1067:10:rfalGetFDTListen	4	static
/Users/faner/Documents/Repo/NFC12A1+L476/Drivers/BSP/Components/st25r500/rfal_rfst25r500.c:1074:6:rfalSetGT	16	static
/Users/faner/Documents/Repo/NFC12A1+L476/Drivers/BSP/Components/st25r500/rfal_rfst25r500.c:1081:10:rfalGetGT	4	static
/Users/faner/Documents/Repo/NFC12A1+L476/Drivers/BSP/Components/st25r500/rfal_rfst25r500.c:1088:6:rfalIsGTExpired	8	static
/Users/faner/Documents/Repo/NFC12A1+L476/Drivers/BSP/Components/st25r500/rfal_rfst25r500.c:1102:12:rfalFieldOnAndStartGT	16	static
/Users/faner/Documents/Repo/NFC12A1+L476/Drivers/BSP/Components/st25r500/rfal_rfst25r500.c:1153:12:rfalFieldOff	8	static
/Users/faner/Documents/Repo/NFC12A1+L476/Drivers/BSP/Components/st25r500/rfal_rfst25r500.c:1176:12:rfalStartTransceive	32	static
/Users/faner/Documents/Repo/NFC12A1+L476/Drivers/BSP/Components/st25r500/rfal_rfst25r500.c:1276:6:rfalIsTransceiveInTx	4	static
/Users/faner/Documents/Repo/NFC12A1+L476/Drivers/BSP/Components/st25r500/rfal_rfst25r500.c:1283:6:rfalIsTransceiveInRx	4	static
/Users/faner/Documents/Repo/NFC12A1+L476/Drivers/BSP/Components/st25r500/rfal_rfst25r500.c:1290:12:rfalTransceiveBlockingTx	56	static
/Users/faner/Documents/Repo/NFC12A1+L476/Drivers/BSP/Components/st25r500/rfal_rfst25r500.c:1303:19:rfalTransceiveRunBlockingTx	16	static
/Users/faner/Documents/Repo/NFC12A1+L476/Drivers/BSP/Components/st25r500/rfal_rfst25r500.c:1323:12:rfalTransceiveBlockingRx	16	static
/Users/faner/Documents/Repo/NFC12A1+L476/Drivers/BSP/Components/st25r500/rfal_rfst25r500.c:1338:12:rfalTransceiveBlockingTxRx	48	static
/Users/faner/Documents/Repo/NFC12A1+L476/Drivers/BSP/Components/st25r500/rfal_rfst25r500.c:1356:19:rfalRunTransceiveWorker	8	static
/Users/faner/Documents/Repo/NFC12A1+L476/Drivers/BSP/Components/st25r500/rfal_rfst25r500.c:1389:21:rfalGetTransceiveState	4	static
/Users/faner/Documents/Repo/NFC12A1+L476/Drivers/BSP/Components/st25r500/rfal_rfst25r500.c:1396:12:rfalGetTransceiveStatus	4	static
/Users/faner/Documents/Repo/NFC12A1+L476/Drivers/BSP/Components/st25r500/rfal_rfst25r500.c:1403:12:rfalGetTransceiveRSSI	24	static
/Users/faner/Documents/Repo/NFC12A1+L476/Drivers/BSP/Components/st25r500/rfal_rfst25r500.c:1426:6:rfalIsTransceiveSubcDetected	8	static
/Users/faner/Documents/Repo/NFC12A1+L476/Drivers/BSP/Components/st25r500/rfal_rfst25r500.c:1437:6:rfalWorker	8	static
/Users/faner/Documents/Repo/NFC12A1+L476/Drivers/BSP/Components/st25r500/rfal_rfst25r500.c:1474:13:rfalErrorHandling	16	static
/Users/faner/Documents/Repo/NFC12A1+L476/Drivers/BSP/Components/st25r500/rfal_rfst25r500.c:1509:13:rfalCleanupTransceive	8	static
/Users/faner/Documents/Repo/NFC12A1+L476/Drivers/BSP/Components/st25r500/rfal_rfst25r500.c:1549:13:rfalPrepareTransceive	24	static
/Users/faner/Documents/Repo/NFC12A1+L476/Drivers/BSP/Components/st25r500/rfal_rfst25r500.c:1701:13:rfalTransceiveTx	24	static
/Users/faner/Documents/Repo/NFC12A1+L476/Drivers/BSP/Components/st25r500/rfal_rfst25r500.c:1922:13:rfalTransceiveRx	24	static
/Users/faner/Documents/Repo/NFC12A1+L476/Drivers/BSP/Components/st25r500/rfal_rfst25r500.c:2317:13:rfalDpoReqAdjust	4	static
/Users/faner/Documents/Repo/NFC12A1+L476/Drivers/BSP/Components/st25r500/rfal_rfst25r500.c:2332:13:rfalWaitRxOn	16	static
/Users/faner/Documents/Repo/NFC12A1+L476/Drivers/BSP/Components/st25r500/rfal_rfst25r500.c:2349:13:rfalFIFOStatusUpdate	8	static
/Users/faner/Documents/Repo/NFC12A1+L476/Drivers/BSP/Components/st25r500/rfal_rfst25r500.c:2359:13:rfalFIFOStatusClear	4	static
/Users/faner/Documents/Repo/NFC12A1+L476/Drivers/BSP/Components/st25r500/rfal_rfst25r500.c:2366:17:rfalFIFOStatusGetNumBytes	16	static
/Users/faner/Documents/Repo/NFC12A1+L476/Drivers/BSP/Components/st25r500/rfal_rfst25r500.c:2379:13:rfalFIFOStatusIsIncompleteByte	8	static
/Users/faner/Documents/Repo/NFC12A1+L476/Drivers/BSP/Components/st25r500/rfal_rfst25r500.c:2387:13:rfalFIFOStatusIsMissingPar	8	static
/Users/faner/Documents/Repo/NFC12A1+L476/Drivers/BSP/Components/st25r500/rfal_rfst25r500.c:2395:16:rfalFIFOGetNumIncompleteBits	8	static
/Users/faner/Documents/Repo/NFC12A1+L476/Drivers/BSP/Components/st25r500/rfal_rfst25r500.c:2405:12:rfalISO14443ATransceiveShortFrame	64	static
/Users/faner/Documents/Repo/NFC12A1+L476/Drivers/BSP/Components/st25r500/rfal_rfst25r500.c:2459:12:rfalISO14443ATransceiveAnticollisionFrame	40	static
/Users/faner/Documents/Repo/NFC12A1+L476/Drivers/BSP/Components/st25r500/rfal_rfst25r500.c:2471:12:rfalISO14443AStartTransceiveAnticollisionFrame	56	static
/Users/faner/Documents/Repo/NFC12A1+L476/Drivers/BSP/Components/st25r500/rfal_rfst25r500.c:2537:12:rfalISO14443AGetTransceiveAnticollisionFrameStatus	16	static
/Users/faner/Documents/Repo/NFC12A1+L476/Drivers/BSP/Components/st25r500/rfal_rfst25r500.c:2585:12:rfalISO15693TransceiveAnticollisionFrame	56	static
/Users/faner/Documents/Repo/NFC12A1+L476/Drivers/BSP/Components/st25r500/rfal_rfst25r500.c:2653:12:rfalISO15693TransceiveEOFAnticollision	32	static
/Users/faner/Documents/Repo/NFC12A1+L476/Drivers/BSP/Components/st25r500/rfal_rfst25r500.c:2664:12:rfalISO15693TransceiveEOF	32	static
/Users/faner/Documents/Repo/NFC12A1+L476/Drivers/BSP/Components/st25r500/rfal_rfst25r500.c:2763:12:rfalFeliCaPoll	40	static
/Users/faner/Documents/Repo/NFC12A1+L476/Drivers/BSP/Components/st25r500/rfal_rfst25r500.c:2775:12:rfalStartFeliCaPoll	48	static
/Users/faner/Documents/Repo/NFC12A1+L476/Drivers/BSP/Components/st25r500/rfal_rfst25r500.c:2830:12:rfalGetFeliCaPollStatus	16	static
/Users/faner/Documents/Repo/NFC12A1+L476/Drivers/BSP/Components/st25r500/rfal_rfst25r500.c:2915:6:rfalIsExtFieldOn	8	static
/Users/faner/Documents/Repo/NFC12A1+L476/Drivers/BSP/Components/st25r500/rfal_rfst25r500.c:2924:12:rfalListenStart	64	static
/Users/faner/Documents/Repo/NFC12A1+L476/Drivers/BSP/Components/st25r500/rfal_rfst25r500.c:3117:19:rfalRunListenModeWorker	24	static
/Users/faner/Documents/Repo/NFC12A1+L476/Drivers/BSP/Components/st25r500/rfal_rfst25r500.c:3360:12:rfalListenStop	8	static
/Users/faner/Documents/Repo/NFC12A1+L476/Drivers/BSP/Components/st25r500/rfal_rfst25r500.c:3398:12:rfalListenSleepStart	24	static
/Users/faner/Documents/Repo/NFC12A1+L476/Drivers/BSP/Components/st25r500/rfal_rfst25r500.c:3484:13:rfalListenGetState	16	static
/Users/faner/Documents/Repo/NFC12A1+L476/Drivers/BSP/Components/st25r500/rfal_rfst25r500.c:3503:12:rfalListenSetState	24	static
/Users/faner/Documents/Repo/NFC12A1+L476/Drivers/BSP/Components/st25r500/rfal_rfst25r500.c:3715:12:rfalWakeUpModeStart	16	static
/Users/faner/Documents/Repo/NFC12A1+L476/Drivers/BSP/Components/st25r500/rfal_rfst25r500.c:3722:19:rfalWUModeStart	32	static
/Users/faner/Documents/Repo/NFC12A1+L476/Drivers/BSP/Components/st25r500/rfal_rfst25r500.c:3913:6:rfalWakeUpModeHasWoke	4	static
/Users/faner/Documents/Repo/NFC12A1+L476/Drivers/BSP/Components/st25r500/rfal_rfst25r500.c:3920:6:rfalWakeUpModeIsEnabled	4	static
/Users/faner/Documents/Repo/NFC12A1+L476/Drivers/BSP/Components/st25r500/rfal_rfst25r500.c:3927:12:rfalWakeUpModeGetInfo	16	static
/Users/faner/Documents/Repo/NFC12A1+L476/Drivers/BSP/Components/st25r500/rfal_rfst25r500.c:3995:13:rfalRunWakeUpModeWorker	16	static
/Users/faner/Documents/Repo/NFC12A1+L476/Drivers/BSP/Components/st25r500/rfal_rfst25r500.c:4063:12:rfalWakeUpModeStop	8	static
/Users/faner/Documents/Repo/NFC12A1+L476/Drivers/BSP/Components/st25r500/rfal_rfst25r500.c:4102:12:rfalWlcPWptMonitorStart	40	static
/Users/faner/Documents/Repo/NFC12A1+L476/Drivers/BSP/Components/st25r500/rfal_rfst25r500.c:4150:12:rfalWlcPWptMonitorStop	8	static
/Users/faner/Documents/Repo/NFC12A1+L476/Drivers/BSP/Components/st25r500/rfal_rfst25r500.c:4157:6:rfalWlcPWptIsFodDetected	4	static
/Users/faner/Documents/Repo/NFC12A1+L476/Drivers/BSP/Components/st25r500/rfal_rfst25r500.c:4164:6:rfalWlcPWptIsStopDetected	4	static
/Users/faner/Documents/Repo/NFC12A1+L476/Drivers/BSP/Components/st25r500/rfal_rfst25r500.c:4179:12:rfalLowPowerModeStart	16	static
/Users/faner/Documents/Repo/NFC12A1+L476/Drivers/BSP/Components/st25r500/rfal_rfst25r500.c:4214:12:rfalLowPowerModeStop	16	static
/Users/faner/Documents/Repo/NFC12A1+L476/Drivers/BSP/Components/st25r500/rfal_rfst25r500.c:4251:12:rfalChipWriteReg	16	static
/Users/faner/Documents/Repo/NFC12A1+L476/Drivers/BSP/Components/st25r500/rfal_rfst25r500.c:4263:12:rfalChipReadReg	16	static
/Users/faner/Documents/Repo/NFC12A1+L476/Drivers/BSP/Components/st25r500/rfal_rfst25r500.c:4275:12:rfalChipExecCmd	16	static
/Users/faner/Documents/Repo/NFC12A1+L476/Drivers/BSP/Components/st25r500/rfal_rfst25r500.c:4287:12:rfalChipWriteTestReg	16	static
/Users/faner/Documents/Repo/NFC12A1+L476/Drivers/BSP/Components/st25r500/rfal_rfst25r500.c:4294:12:rfalChipReadTestReg	16	static
/Users/faner/Documents/Repo/NFC12A1+L476/Drivers/BSP/Components/st25r500/rfal_rfst25r500.c:4301:12:rfalChipChangeRegBits	16	static
/Users/faner/Documents/Repo/NFC12A1+L476/Drivers/BSP/Components/st25r500/rfal_rfst25r500.c:4313:12:rfalChipChangeTestRegBits	16	static
/Users/faner/Documents/Repo/NFC12A1+L476/Drivers/BSP/Components/st25r500/rfal_rfst25r500.c:4321:12:rfalChipSetRFO	16	static
/Users/faner/Documents/Repo/NFC12A1+L476/Drivers/BSP/Components/st25r500/rfal_rfst25r500.c:4328:12:rfalChipGetRFO	24	static
/Users/faner/Documents/Repo/NFC12A1+L476/Drivers/BSP/Components/st25r500/rfal_rfst25r500.c:4344:12:rfalChipGetLmFieldInd	16	static
/Users/faner/Documents/Repo/NFC12A1+L476/Drivers/BSP/Components/st25r500/rfal_rfst25r500.c:4351:12:rfalChipSetLMMod	16	static
/Users/faner/Documents/Repo/NFC12A1+L476/Drivers/BSP/Components/st25r500/rfal_rfst25r500.c:4358:12:rfalChipGetLMMod	24	static
/Users/faner/Documents/Repo/NFC12A1+L476/Drivers/BSP/Components/st25r500/rfal_rfst25r500.c:4380:12:rfalChipMeasureAmplitude	24	static
/Users/faner/Documents/Repo/NFC12A1+L476/Drivers/BSP/Components/st25r500/rfal_rfst25r500.c:4391:12:rfalChipMeasurePhase	24	static
/Users/faner/Documents/Repo/NFC12A1+L476/Drivers/BSP/Components/st25r500/rfal_rfst25r500.c:4402:12:rfalChipMeasureCapacitance	16	static
/Users/faner/Documents/Repo/NFC12A1+L476/Drivers/BSP/Components/st25r500/rfal_rfst25r500.c:4414:12:rfalChipMeasurePowerSupply	24	static
/Users/faner/Documents/Repo/NFC12A1+L476/Drivers/BSP/Components/st25r500/rfal_rfst25r500.c:4440:12:rfalChipMeasureIQ	16	static
/Users/faner/Documents/Repo/NFC12A1+L476/Drivers/BSP/Components/st25r500/rfal_rfst25r500.c:4447:12:rfalChipMeasureCombinedIQ	24	static
/Users/faner/Documents/Repo/NFC12A1+L476/Drivers/BSP/Components/st25r500/rfal_rfst25r500.c:4458:12:rfalChipMeasureI	24	static
/Users/faner/Documents/Repo/NFC12A1+L476/Drivers/BSP/Components/st25r500/rfal_rfst25r500.c:4469:12:rfalChipMeasureQ	24	static
/Users/faner/Documents/Repo/NFC12A1+L476/Drivers/BSP/Components/st25r500/rfal_rfst25r500.c:4480:12:rfalChipMeasureCurrent	24	static
/Users/faner/Documents/Repo/NFC12A1+L476/Drivers/BSP/Components/st25r500/rfal_rfst25r500.c:4491:12:rfalChipSetAntennaMode	16	static
