/Users/faner/Documents/Repo/NFC12A1+L476/Drivers/BSP/Components/st25r500/st25r500.c:109:12:st25r500ExecuteCommandAndGetResult	16	static
/Users/faner/Documents/Repo/NFC12A1+L476/Drivers/BSP/Components/st25r500/st25r500.c:136:12:st25r500Initialize	16	static
/Users/faner/Documents/Repo/NFC12A1+L476/Drivers/BSP/Components/st25r500/st25r500.c:260:6:st25r500Deinitialize	8	static
/Users/faner/Documents/Repo/NFC12A1+L476/Drivers/BSP/Components/st25r500/st25r500.c:275:12:st25r500OscOn	8	static
/Users/faner/Documents/Repo/NFC12A1+L476/Drivers/BSP/Components/st25r500/st25r500.c:305:12:st25r500AdjustRegulators	24	static
/Users/faner/Documents/Repo/NFC12A1+L476/Drivers/BSP/Components/st25r500/st25r500.c:333:12:st25r500SetRegulators	16	static
/Users/faner/Documents/Repo/NFC12A1+L476/Drivers/BSP/Components/st25r500/st25r500.c:351:19:st25r500MeasureIQCalib	40	static
/Users/faner/Documents/Repo/NFC12A1+L476/Drivers/BSP/Components/st25r500/st25r500.c:397:12:st25r500GetCeGain	16	static
/Users/faner/Documents/Repo/NFC12A1+L476/Drivers/BSP/Components/st25r500/st25r500.c:417:12:st25r500MeasureIQ	24	static
/Users/faner/Documents/Repo/NFC12A1+L476/Drivers/BSP/Components/st25r500/st25r500.c:441:12:st25r500MeasureCombinedIQ	24	static
/Users/faner/Documents/Repo/NFC12A1+L476/Drivers/BSP/Components/st25r500/st25r500.c:477:12:st25r500MeasureI	24	static
/Users/faner/Documents/Repo/NFC12A1+L476/Drivers/BSP/Components/st25r500/st25r500.c:494:12:st25r500MeasureQ	24	static
/Users/faner/Documents/Repo/NFC12A1+L476/Drivers/BSP/Components/st25r500/st25r500.c:511:12:st25r500MeasureAmplitude	16	static
/Users/faner/Documents/Repo/NFC12A1+L476/Drivers/BSP/Components/st25r500/st25r500.c:518:12:st25r500MeasurePhase	16	static
/Users/faner/Documents/Repo/NFC12A1+L476/Drivers/BSP/Components/st25r500/st25r500.c:552:12:st25r500DiagMeasure	32	static
/Users/faner/Documents/Repo/NFC12A1+L476/Drivers/BSP/Components/st25r500/st25r500.c:611:12:st25r500MeasureCurrent	24	static
/Users/faner/Documents/Repo/NFC12A1+L476/Drivers/BSP/Components/st25r500/st25r500.c:637:12:st25r500ClearCalibration	8	static
/Users/faner/Documents/Repo/NFC12A1+L476/Drivers/BSP/Components/st25r500/st25r500.c:644:12:st25r500CalibrateWU	24	static
/Users/faner/Documents/Repo/NFC12A1+L476/Drivers/BSP/Components/st25r500/st25r500.c:678:12:st25r500MeasureWU	24	static
/Users/faner/Documents/Repo/NFC12A1+L476/Drivers/BSP/Components/st25r500/st25r500.c:699:12:st25r500SetBitrate	24	static
/Users/faner/Documents/Repo/NFC12A1+L476/Drivers/BSP/Components/st25r500/st25r500.c:730:12:st25r500PerformCollisionAvoidance	24	static
/Users/faner/Documents/Repo/NFC12A1+L476/Drivers/BSP/Components/st25r500/st25r500.c:795:6:st25r500SetNumTxBits	16	static
/Users/faner/Documents/Repo/NFC12A1+L476/Drivers/BSP/Components/st25r500/st25r500.c:803:10:st25r500GetNumFIFOBytes	16	static
/Users/faner/Documents/Repo/NFC12A1+L476/Drivers/BSP/Components/st25r500/st25r500.c:821:9:st25r500GetNumFIFOLastBits	16	static
/Users/faner/Documents/Repo/NFC12A1+L476/Drivers/BSP/Components/st25r500/st25r500.c:832:10:st25r500GetNoResponseTime	4	static
/Users/faner/Documents/Repo/NFC12A1+L476/Drivers/BSP/Components/st25r500/st25r500.c:839:12:st25r500SetMRT	24	static
/Users/faner/Documents/Repo/NFC12A1+L476/Drivers/BSP/Components/st25r500/st25r500.c:874:12:st25r500SetNoResponseTime	24	static
/Users/faner/Documents/Repo/NFC12A1+L476/Drivers/BSP/Components/st25r500/st25r500.c:910:12:st25r500SetStartNoResponseTimer	24	static
/Users/faner/Documents/Repo/NFC12A1+L476/Drivers/BSP/Components/st25r500/st25r500.c:925:6:st25r500SetGPTime	16	static
/Users/faner/Documents/Repo/NFC12A1+L476/Drivers/BSP/Components/st25r500/st25r500.c:933:12:st25r500SetStartGPTimer	16	static
/Users/faner/Documents/Repo/NFC12A1+L476/Drivers/BSP/Components/st25r500/st25r500.c:949:6:st25r500CheckChipID	24	static
/Users/faner/Documents/Repo/NFC12A1+L476/Drivers/BSP/Components/st25r500/st25r500.c:972:12:st25r500GetRegsDump	112	static
/Users/faner/Documents/Repo/NFC12A1+L476/Drivers/BSP/Components/st25r500/st25r500.c:999:6:st25r500IsCmdValid	16	static
/Users/faner/Documents/Repo/NFC12A1+L476/Drivers/BSP/Components/st25r500/st25r500.c:1010:12:st25r500GetRSSI	24	static
/Users/faner/Documents/Repo/NFC12A1+L476/Drivers/BSP/Components/st25r500/st25r500.c:1049:12:st25r500SetAntennaMode	24	static
