../../../../../../Drivers/CMSIS/Include/core_cm4.h:1688:22:__NVIC_EnableIRQ	16	static
../../../../../../Drivers/CMSIS/Include/core_cm4.h:1724:22:__NVIC_DisableIRQ	16	static,ignoring_inline_asm
/Users/faner/Documents/Repo/NFC12A1+L476/Drivers/BSP/Components/st25r500/st25r500_irq.c:61:6:st25r500InitInterrupts	4	static
/Users/faner/Documents/Repo/NFC12A1+L476/Drivers/BSP/Components/st25r500/st25r500_irq.c:74:6:st25r500Isr	8	static
/Users/faner/Documents/Repo/NFC12A1+L476/Drivers/BSP/Components/st25r500/st25r500_irq.c:87:6:st25r500CheckForReceivedInterrupts	16	static,ignoring_inline_asm
/Users/faner/Documents/Repo/NFC12A1+L476/Drivers/BSP/Components/st25r500/st25r500_irq.c:125:6:st25r500ModifyInterrupts	32	static
/Users/faner/Documents/Repo/NFC12A1+L476/Drivers/BSP/Components/st25r500/st25r500_irq.c:151:10:st25r500WaitForInterruptsTimed	24	static,ignoring_inline_asm
/Users/faner/Documents/Repo/NFC12A1+L476/Drivers/BSP/Components/st25r500/st25r500_irq.c:181:10:st25r500GetInterrupt	24	static,ignoring_inline_asm
/Users/faner/Documents/Repo/NFC12A1+L476/Drivers/BSP/Components/st25r500/st25r500_irq.c:198:6:st25r500ClearAndEnableInterrupts	16	static
/Users/faner/Documents/Repo/NFC12A1+L476/Drivers/BSP/Components/st25r500/st25r500_irq.c:206:6:st25r500EnableInterrupts	16	static
/Users/faner/Documents/Repo/NFC12A1+L476/Drivers/BSP/Components/st25r500/st25r500_irq.c:213:6:st25r500DisableInterrupts	16	static
/Users/faner/Documents/Repo/NFC12A1+L476/Drivers/BSP/Components/st25r500/st25r500_irq.c:220:6:st25r500ClearInterrupts	16	static,ignoring_inline_asm
/Users/faner/Documents/Repo/NFC12A1+L476/Drivers/BSP/Components/st25r500/st25r500_irq.c:234:6:st25r500IRQCallbackSet	16	static
/Users/faner/Documents/Repo/NFC12A1+L476/Drivers/BSP/Components/st25r500/st25r500_irq.c:242:6:st25r500IRQCallbackRestore	4	static
