/Users/faner/Documents/Repo/NFC12A1+L476/Middlewares/ST/rfal/Src/rfal_st25tb.c:149:13:rfalSt25tbPollerDoCollisionResolution	32	static
/Users/faner/Documents/Repo/NFC12A1+L476/Middlewares/ST/rfal/Src/rfal_st25tb.c:229:12:rfalSt25tbPollerInitialize	8	static
/Users/faner/Documents/Repo/NFC12A1+L476/Middlewares/ST/rfal/Src/rfal_st25tb.c:236:12:rfalSt25tbPollerCheckPresence	24	static
/Users/faner/Documents/Repo/NFC12A1+L476/Middlewares/ST/rfal/Src/rfal_st25tb.c:263:12:rfalSt25tbPollerInitiate	48	static
/Users/faner/Documents/Repo/NFC12A1+L476/Middlewares/ST/rfal/Src/rfal_st25tb.c:294:12:rfalSt25tbPollerPcall	40	static
/Users/faner/Documents/Repo/NFC12A1+L476/Middlewares/ST/rfal/Src/rfal_st25tb.c:318:12:rfalSt25tbPollerSlotMarker	40	static
/Users/faner/Documents/Repo/NFC12A1+L476/Middlewares/ST/rfal/Src/rfal_st25tb.c:347:12:rfalSt25tbPollerSelect	48	static
/Users/faner/Documents/Repo/NFC12A1+L476/Middlewares/ST/rfal/Src/rfal_st25tb.c:372:12:rfalSt25tbPollerGetUID	40	static
/Users/faner/Documents/Repo/NFC12A1+L476/Middlewares/ST/rfal/Src/rfal_st25tb.c:396:12:rfalSt25tbPollerCollisionResolution	32	static
/Users/faner/Documents/Repo/NFC12A1+L476/Middlewares/ST/rfal/Src/rfal_st25tb.c:447:12:rfalSt25tbPollerReadBlock	40	static
/Users/faner/Documents/Repo/NFC12A1+L476/Middlewares/ST/rfal/Src/rfal_st25tb.c:472:12:rfalSt25tbPollerWriteBlock	48	static
/Users/faner/Documents/Repo/NFC12A1+L476/Middlewares/ST/rfal/Src/rfal_st25tb.c:523:12:rfalSt25tbPollerCompletion	32	static
/Users/faner/Documents/Repo/NFC12A1+L476/Middlewares/ST/rfal/Src/rfal_st25tb.c:536:12:rfalSt25tbPollerResetToInventory	32	static
