/Users/faner/Documents/Repo/NFC12A1+L476/Middlewares/ST/rfal/Src/rfal_st25xv.c:92:19:rfalST25xVPollerGenericReadConfiguration	88	static
/Users/faner/Documents/Repo/NFC12A1+L476/Middlewares/ST/rfal/Src/rfal_st25xv.c:122:19:rfalST25xVPollerGenericWriteConfiguration	88	static
/Users/faner/Documents/Repo/NFC12A1+L476/Middlewares/ST/rfal/Src/rfal_st25xv.c:139:19:rfalST25xVPollerGenericReadMessageLength	96	static
/Users/faner/Documents/Repo/NFC12A1+L476/Middlewares/ST/rfal/Src/rfal_st25xv.c:166:19:rfalST25xVPollerGenericReadMessage	48	static
/Users/faner/Documents/Repo/NFC12A1+L476/Middlewares/ST/rfal/Src/rfal_st25xv.c:181:19:rfalST25xVPollerGenericWriteMessage	88	static
/Users/faner/Documents/Repo/NFC12A1+L476/Middlewares/ST/rfal/Src/rfal_st25xv.c:268:12:rfalST25xVPollerM24LRReadSingleBlock	56	static
/Users/faner/Documents/Repo/NFC12A1+L476/Middlewares/ST/rfal/Src/rfal_st25xv.c:283:12:rfalST25xVPollerM24LRWriteSingleBlock	128	static
/Users/faner/Documents/Repo/NFC12A1+L476/Middlewares/ST/rfal/Src/rfal_st25xv.c:308:12:rfalST25xVPollerM24LRReadMultipleBlocks	48	static
/Users/faner/Documents/Repo/NFC12A1+L476/Middlewares/ST/rfal/Src/rfal_st25xv.c:324:12:rfalST25xVPollerFastReadSingleBlock	56	static
/Users/faner/Documents/Repo/NFC12A1+L476/Middlewares/ST/rfal/Src/rfal_st25xv.c:334:12:rfalST25xVPollerM24LRFastReadSingleBlock	56	static
/Users/faner/Documents/Repo/NFC12A1+L476/Middlewares/ST/rfal/Src/rfal_st25xv.c:349:12:rfalST25xVPollerM24LRFastReadMultipleBlocks	48	static
/Users/faner/Documents/Repo/NFC12A1+L476/Middlewares/ST/rfal/Src/rfal_st25xv.c:365:12:rfalST25xVPollerFastReadMultipleBlocks	48	static
/Users/faner/Documents/Repo/NFC12A1+L476/Middlewares/ST/rfal/Src/rfal_st25xv.c:380:12:rfalST25xVPollerFastExtendedReadSingleBlock	56	static
/Users/faner/Documents/Repo/NFC12A1+L476/Middlewares/ST/rfal/Src/rfal_st25xv.c:395:12:rfalST25xVPollerFastExtReadMultipleBlocks	56	static
/Users/faner/Documents/Repo/NFC12A1+L476/Middlewares/ST/rfal/Src/rfal_st25xv.c:412:12:rfalST25xVPollerReadConfiguration	32	static
/Users/faner/Documents/Repo/NFC12A1+L476/Middlewares/ST/rfal/Src/rfal_st25xv.c:418:12:rfalST25xVPollerWriteConfiguration	24	static
/Users/faner/Documents/Repo/NFC12A1+L476/Middlewares/ST/rfal/Src/rfal_st25xv.c:424:12:rfalST25xVPollerReadDynamicConfiguration	32	static
/Users/faner/Documents/Repo/NFC12A1+L476/Middlewares/ST/rfal/Src/rfal_st25xv.c:430:12:rfalST25xVPollerWriteDynamicConfiguration	24	static
/Users/faner/Documents/Repo/NFC12A1+L476/Middlewares/ST/rfal/Src/rfal_st25xv.c:436:12:rfalST25xVPollerFastReadDynamicConfiguration	32	static
/Users/faner/Documents/Repo/NFC12A1+L476/Middlewares/ST/rfal/Src/rfal_st25xv.c:442:12:rfalST25xVPollerFastWriteDynamicConfiguration	24	static
/Users/faner/Documents/Repo/NFC12A1+L476/Middlewares/ST/rfal/Src/rfal_st25xv.c:448:12:rfalST25xVPollerPresentPassword	104	static
/Users/faner/Documents/Repo/NFC12A1+L476/Middlewares/ST/rfal/Src/rfal_st25xv.c:473:12:rfalST25xVPollerWritePassword	104	static
/Users/faner/Documents/Repo/NFC12A1+L476/Middlewares/ST/rfal/Src/rfal_st25xv.c:498:12:rfalST25xVPollerGetRandomNumber	48	static
/Users/faner/Documents/Repo/NFC12A1+L476/Middlewares/ST/rfal/Src/rfal_st25xv.c:509:12:rfalST25xVPollerWriteMessage	40	static
/Users/faner/Documents/Repo/NFC12A1+L476/Middlewares/ST/rfal/Src/rfal_st25xv.c:515:12:rfalST25xVPollerFastWriteMessage	40	static
/Users/faner/Documents/Repo/NFC12A1+L476/Middlewares/ST/rfal/Src/rfal_st25xv.c:521:12:rfalST25xVPollerReadMessageLength	24	static
/Users/faner/Documents/Repo/NFC12A1+L476/Middlewares/ST/rfal/Src/rfal_st25xv.c:527:12:rfalST25xVPollerFastReadMsgLength	24	static
/Users/faner/Documents/Repo/NFC12A1+L476/Middlewares/ST/rfal/Src/rfal_st25xv.c:533:12:rfalST25xVPollerReadMessage	32	static
/Users/faner/Documents/Repo/NFC12A1+L476/Middlewares/ST/rfal/Src/rfal_st25xv.c:539:12:rfalST25xVPollerFastReadMessage	32	static
/Users/faner/Documents/Repo/NFC12A1+L476/Middlewares/ST/rfal/Src/rfal_st25xv.c:545:12:rfalST25TV512CPollerReadConfiguration	48	static
/Users/faner/Documents/Repo/NFC12A1+L476/Middlewares/ST/rfal/Src/rfal_st25xv.c:560:12:rfalST25TV512CPollerWriteConfiguration	96	static
