/Users/faner/Documents/Repo/NFC12A1+L476/Middlewares/ST/rfal/Src/rfal_nfca.c:207:16:rfalNfcaCalculateBcc	24	static
/Users/faner/Documents/Repo/NFC12A1+L476/Middlewares/ST/rfal/Src/rfal_nfca.c:224:19:rfalNfcaPollerStartSingleCollisionResolution	24	static
/Users/faner/Documents/Repo/NFC12A1+L476/Middlewares/ST/rfal/Src/rfal_nfca.c:259:19:rfalNfcaPollerGetSingleCollisionResolutionStatus	40	static
/Users/faner/Documents/Repo/NFC12A1+L476/Middlewares/ST/rfal/Src/rfal_nfca.c:517:12:rfalNfcaPollerInitialize	16	static
/Users/faner/Documents/Repo/NFC12A1+L476/Middlewares/ST/rfal/Src/rfal_nfca.c:533:12:rfalNfcaPollerCheckPresence	32	static
/Users/faner/Documents/Repo/NFC12A1+L476/Middlewares/ST/rfal/Src/rfal_nfca.c:552:12:rfalNfcaPollerTechnologyDetection	24	static
/Users/faner/Documents/Repo/NFC12A1+L476/Middlewares/ST/rfal/Src/rfal_nfca.c:564:12:rfalNfcaPollerStartTechnologyDetection	24	static
/Users/faner/Documents/Repo/NFC12A1+L476/Middlewares/ST/rfal/Src/rfal_nfca.c:582:12:rfalNfcaPollerGetTechnologyDetectionStatus	16	static
/Users/faner/Documents/Repo/NFC12A1+L476/Middlewares/ST/rfal/Src/rfal_nfca.c:597:12:rfalNfcaPollerSingleCollisionResolution	40	static
/Users/faner/Documents/Repo/NFC12A1+L476/Middlewares/ST/rfal/Src/rfal_nfca.c:609:12:rfalNfcaPollerStartFullCollisionResolution	40	static
/Users/faner/Documents/Repo/NFC12A1+L476/Middlewares/ST/rfal/Src/rfal_nfca.c:694:12:rfalNfcaPollerGetFullCollisionResolutionStatus	32	static
/Users/faner/Documents/Repo/NFC12A1+L476/Middlewares/ST/rfal/Src/rfal_nfca.c:795:12:rfalNfcaPollerFullCollisionResolution	32	static
/Users/faner/Documents/Repo/NFC12A1+L476/Middlewares/ST/rfal/Src/rfal_nfca.c:805:12:rfalNfcaPollerSleepFullCollisionResolution	32	static
/Users/faner/Documents/Repo/NFC12A1+L476/Middlewares/ST/rfal/Src/rfal_nfca.c:857:12:rfalNfcaPollerSelect	32	static
/Users/faner/Documents/Repo/NFC12A1+L476/Middlewares/ST/rfal/Src/rfal_nfca.c:869:12:rfalNfcaPollerStartSelect	24	static
/Users/faner/Documents/Repo/NFC12A1+L476/Middlewares/ST/rfal/Src/rfal_nfca.c:891:12:rfalNfcaPollerGetSelectStatus	40	static
/Users/faner/Documents/Repo/NFC12A1+L476/Middlewares/ST/rfal/Src/rfal_nfca.c:959:12:rfalNfcaPollerSleep	16	static
/Users/faner/Documents/Repo/NFC12A1+L476/Middlewares/ST/rfal/Src/rfal_nfca.c:971:12:rfalNfcaPollerStartSleep	40	static
/Users/faner/Documents/Repo/NFC12A1+L476/Middlewares/ST/rfal/Src/rfal_nfca.c:984:12:rfalNfcaPollerGetSleepStatus	16	static
/Users/faner/Documents/Repo/NFC12A1+L476/Middlewares/ST/rfal/Src/rfal_nfca.c:999:6:rfalNfcaListenerIsSleepReq	16	static
