/Users/faner/Documents/Repo/NFC12A1+L476/Middlewares/ST/rfal/Src/rfal_nfcb.c:183:19:rfalNfcbCheckSensbRes	16	static
/Users/faner/Documents/Repo/NFC12A1+L476/Middlewares/ST/rfal/Src/rfal_nfcb.c:204:19:rfalNfcbPollerSleepTx	40	static
/Users/faner/Documents/Repo/NFC12A1+L476/Middlewares/ST/rfal/Src/rfal_nfcb.c:231:12:rfalNfcbPollerInitialize	16	static
/Users/faner/Documents/Repo/NFC12A1+L476/Middlewares/ST/rfal/Src/rfal_nfcb.c:250:12:rfalNfcbPollerInitializeWithParams	24	static
/Users/faner/Documents/Repo/NFC12A1+L476/Middlewares/ST/rfal/Src/rfal_nfcb.c:264:12:rfalNfcbPollerCheckPresence	32	static
/Users/faner/Documents/Repo/NFC12A1+L476/Middlewares/ST/rfal/Src/rfal_nfcb.c:276:12:rfalNfcbPollerStartCheckPresence	48	static
/Users/faner/Documents/Repo/NFC12A1+L476/Middlewares/ST/rfal/Src/rfal_nfcb.c:305:12:rfalNfcbPollerGetCheckPresenceStatus	16	static
/Users/faner/Documents/Repo/NFC12A1+L476/Middlewares/ST/rfal/Src/rfal_nfcb.c:332:12:rfalNfcbPollerSleep	48	static
/Users/faner/Documents/Repo/NFC12A1+L476/Middlewares/ST/rfal/Src/rfal_nfcb.c:360:12:rfalNfcbPollerSlotMarker	32	static
/Users/faner/Documents/Repo/NFC12A1+L476/Middlewares/ST/rfal/Src/rfal_nfcb.c:372:12:rfalNfcbPollerStartSlotMarker	48	static
/Users/faner/Documents/Repo/NFC12A1+L476/Middlewares/ST/rfal/Src/rfal_nfcb.c:394:12:rfalNfcbPollerGetSlotMarkerStatus	16	static
/Users/faner/Documents/Repo/NFC12A1+L476/Middlewares/ST/rfal/Src/rfal_nfcb.c:419:12:rfalNfcbPollerTechnologyDetection	24	static
/Users/faner/Documents/Repo/NFC12A1+L476/Middlewares/ST/rfal/Src/rfal_nfcb.c:426:12:rfalNfcbPollerStartTechnologyDetection	24	static
/Users/faner/Documents/Repo/NFC12A1+L476/Middlewares/ST/rfal/Src/rfal_nfcb.c:433:12:rfalNfcbPollerGetTechnologyDetectionStatus	8	static
/Users/faner/Documents/Repo/NFC12A1+L476/Middlewares/ST/rfal/Src/rfal_nfcb.c:440:12:rfalNfcbPollerCollisionResolution	32	static
/Users/faner/Documents/Repo/NFC12A1+L476/Middlewares/ST/rfal/Src/rfal_nfcb.c:452:12:rfalNfcbPollerSlottedCollisionResolution	48	static
/Users/faner/Documents/Repo/NFC12A1+L476/Middlewares/ST/rfal/Src/rfal_nfcb.c:464:12:rfalNfcbPollerStartCollisionResolution	40	static
/Users/faner/Documents/Repo/NFC12A1+L476/Middlewares/ST/rfal/Src/rfal_nfcb.c:471:12:rfalNfcbPollerStartSlottedCollisionResolution	16	static
/Users/faner/Documents/Repo/NFC12A1+L476/Middlewares/ST/rfal/Src/rfal_nfcb.c:503:12:rfalNfcbPollerGetCollisionResolutionStatus	24	static
/Users/faner/Documents/Repo/NFC12A1+L476/Middlewares/ST/rfal/Src/rfal_nfcb.c:704:10:rfalNfcbTR2ToFDT	24	static
