/Users/faner/Documents/Repo/NFC12A1+L476/Middlewares/ST/rfal/Src/rfal_nfcDep.c:479:13:nfcipDxIsSupported	24	static
/Users/faner/Documents/Repo/NFC12A1+L476/Middlewares/ST/rfal/Src/rfal_nfcDep.c:502:19:nfcipTxRx	40	static
/Users/faner/Documents/Repo/NFC12A1+L476/Middlewares/ST/rfal/Src/rfal_nfcDep.c:541:19:nfcipDEPControlMsg	56	static
/Users/faner/Documents/Repo/NFC12A1+L476/Middlewares/ST/rfal/Src/rfal_nfcDep.c:565:13:nfcipClearCounters	4	static
/Users/faner/Documents/Repo/NFC12A1+L476/Middlewares/ST/rfal/Src/rfal_nfcDep.c:575:19:nfcipInitiatorHandleDEP	32	static
/Users/faner/Documents/Repo/NFC12A1+L476/Middlewares/ST/rfal/Src/rfal_nfcDep.c:954:19:nfcipTargetHandleRX	56	static
/Users/faner/Documents/Repo/NFC12A1+L476/Middlewares/ST/rfal/Src/rfal_nfcDep.c:1365:19:nfcipTx	40	static
/Users/faner/Documents/Repo/NFC12A1+L476/Middlewares/ST/rfal/Src/rfal_nfcDep.c:1535:13:nfcipConfig	16	static
/Users/faner/Documents/Repo/NFC12A1+L476/Middlewares/ST/rfal/Src/rfal_nfcDep.c:1553:19:nfcipRun	40	static
/Users/faner/Documents/Repo/NFC12A1+L476/Middlewares/ST/rfal/Src/rfal_nfcDep.c:1693:6:rfalNfcDepSetDeactivatingCallback	16	static
/Users/faner/Documents/Repo/NFC12A1+L476/Middlewares/ST/rfal/Src/rfal_nfcDep.c:1700:6:rfalNfcDepInitialize	8	static
/Users/faner/Documents/Repo/NFC12A1+L476/Middlewares/ST/rfal/Src/rfal_nfcDep.c:1746:13:nfcipSetDEPParams	16	static
/Users/faner/Documents/Repo/NFC12A1+L476/Middlewares/ST/rfal/Src/rfal_nfcDep.c:1801:6:rfalNfcDepTargetRcvdATR	4	static
/Users/faner/Documents/Repo/NFC12A1+L476/Middlewares/ST/rfal/Src/rfal_nfcDep.c:1808:6:rfalNfcDepIsAtrReq	32	static
/Users/faner/Documents/Repo/NFC12A1+L476/Middlewares/ST/rfal/Src/rfal_nfcDep.c:1840:19:nfcipTargetHandleActivation	40	static
/Users/faner/Documents/Repo/NFC12A1+L476/Middlewares/ST/rfal/Src/rfal_nfcDep.c:1970:12:rfalNfcDepATR	264	static
/Users/faner/Documents/Repo/NFC12A1+L476/Middlewares/ST/rfal/Src/rfal_nfcDep.c:2056:12:rfalNfcDepPSL	56	static
/Users/faner/Documents/Repo/NFC12A1+L476/Middlewares/ST/rfal/Src/rfal_nfcDep.c:2106:12:rfalNfcDepDSL	48	static
/Users/faner/Documents/Repo/NFC12A1+L476/Middlewares/ST/rfal/Src/rfal_nfcDep.c:2153:12:rfalNfcDepRLS	48	static
/Users/faner/Documents/Repo/NFC12A1+L476/Middlewares/ST/rfal/Src/rfal_nfcDep.c:2200:12:rfalNfcDepInitiatorHandleActivation	32	static
/Users/faner/Documents/Repo/NFC12A1+L476/Middlewares/ST/rfal/Src/rfal_nfcDep.c:2345:10:rfalNfcDepCalculateRWT	24	static
/Users/faner/Documents/Repo/NFC12A1+L476/Middlewares/ST/rfal/Src/rfal_nfcDep.c:2357:19:nfcipDataTx	48	static
/Users/faner/Documents/Repo/NFC12A1+L476/Middlewares/ST/rfal/Src/rfal_nfcDep.c:2364:19:nfcipDataRx	24	static
/Users/faner/Documents/Repo/NFC12A1+L476/Middlewares/ST/rfal/Src/rfal_nfcDep.c:2401:12:rfalNfcDepListenStartActivation	120	static
/Users/faner/Documents/Repo/NFC12A1+L476/Middlewares/ST/rfal/Src/rfal_nfcDep.c:2493:12:rfalNfcDepListenGetActivationStatus	32	static
/Users/faner/Documents/Repo/NFC12A1+L476/Middlewares/ST/rfal/Src/rfal_nfcDep.c:2538:12:rfalNfcDepStartTransceive	48	static
/Users/faner/Documents/Repo/NFC12A1+L476/Middlewares/ST/rfal/Src/rfal_nfcDep.c:2564:12:rfalNfcDepGetTransceiveStatus	8	static
/Users/faner/Documents/Repo/NFC12A1+L476/Middlewares/ST/rfal/Src/rfal_nfcDep.c:2584:14:rfalNfcDepPdu2BLockParam	16	static
/Users/faner/Documents/Repo/NFC12A1+L476/Middlewares/ST/rfal/Src/rfal_nfcDep.c:2620:12:rfalNfcDepStartPduTransceive	80	static
/Users/faner/Documents/Repo/NFC12A1+L476/Middlewares/ST/rfal/Src/rfal_nfcDep.c:2637:12:rfalNfcDepGetPduTransceiveStatus	88	static
