/Users/faner/Documents/Repo/NFC12A1+L476/Middlewares/ST/rfal/Src/rfal_t4t.c:80:12:rfalT4TPollerComposeCAPDU	24	static
/Users/faner/Documents/Repo/NFC12A1+L476/Middlewares/ST/rfal/Src/rfal_t4t.c:149:12:rfalT4TPollerParseRAPDU	16	static
/Users/faner/Documents/Repo/NFC12A1+L476/Middlewares/ST/rfal/Src/rfal_t4t.c:175:12:rfalT4TPollerComposeSelectAppl	40	static
/Users/faner/Documents/Repo/NFC12A1+L476/Middlewares/ST/rfal/Src/rfal_t4t.c:207:12:rfalT4TPollerComposeSelectFile	40	static
/Users/faner/Documents/Repo/NFC12A1+L476/Middlewares/ST/rfal/Src/rfal_t4t.c:239:12:rfalT4TPollerComposeSelectFileV1Mapping	40	static
/Users/faner/Documents/Repo/NFC12A1+L476/Middlewares/ST/rfal/Src/rfal_t4t.c:271:12:rfalT4TPollerComposeReadData	40	static
/Users/faner/Documents/Repo/NFC12A1+L476/Middlewares/ST/rfal/Src/rfal_t4t.c:294:12:rfalT4TPollerComposeReadDataODO	48	static
/Users/faner/Documents/Repo/NFC12A1+L476/Middlewares/ST/rfal/Src/rfal_t4t.c:325:12:rfalT4TPollerComposeWriteData	40	static
/Users/faner/Documents/Repo/NFC12A1+L476/Middlewares/ST/rfal/Src/rfal_t4t.c:358:12:rfalT4TPollerComposeWriteDataODO	48	static
