/Users/faner/Documents/Repo/NFC12A1+L476/Middlewares/ST/rfal/Src/rfal_isoDep.c:471:13:rfalIsoDepClearCounters	4	static
/Users/faner/Documents/Repo/NFC12A1+L476/Middlewares/ST/rfal/Src/rfal_isoDep.c:481:19:rfalIsoDepTx	64	static
/Users/faner/Documents/Repo/NFC12A1+L476/Middlewares/ST/rfal/Src/rfal_isoDep.c:538:19:rfalIsoDepHandleControlMsg	32	static
/Users/faner/Documents/Repo/NFC12A1+L476/Middlewares/ST/rfal/Src/rfal_isoDep.c:629:19:rfalIsoDepReSendControlMsg	8	static
/Users/faner/Documents/Repo/NFC12A1+L476/Middlewares/ST/rfal/Src/rfal_isoDep.c:663:6:rfalIsoDepInitialize	8	static
/Users/faner/Documents/Repo/NFC12A1+L476/Middlewares/ST/rfal/Src/rfal_isoDep.c:709:6:rfalIsoDepInitializeWithParams	24	static
/Users/faner/Documents/Repo/NFC12A1+L476/Middlewares/ST/rfal/Src/rfal_isoDep.c:731:19:rfalIsoDepDataExchangePCD	40	static
/Users/faner/Documents/Repo/NFC12A1+L476/Middlewares/ST/rfal/Src/rfal_isoDep.c:1019:12:rfalIsoDepDeselect	16	static
/Users/faner/Documents/Repo/NFC12A1+L476/Middlewares/ST/rfal/Src/rfal_isoDep.c:1031:12:rfalIsoDepStartDeselect	8	static
/Users/faner/Documents/Repo/NFC12A1+L476/Middlewares/ST/rfal/Src/rfal_isoDep.c:1049:12:rfalIsoDepGetDeselectStatus	16	static
/Users/faner/Documents/Repo/NFC12A1+L476/Middlewares/ST/rfal/Src/rfal_isoDep.c:1064:10:rfalIsoDepFWI2FWT	24	static
/Users/faner/Documents/Repo/NFC12A1+L476/Middlewares/ST/rfal/Src/rfal_isoDep.c:1090:10:rfalIsoDepFSxI2FSx	24	static
/Users/faner/Documents/Repo/NFC12A1+L476/Middlewares/ST/rfal/Src/rfal_isoDep.c:1122:6:rfalIsoDepIsRats	16	static
/Users/faner/Documents/Repo/NFC12A1+L476/Middlewares/ST/rfal/Src/rfal_isoDep.c:1136:6:rfalIsoDepIsAttrib	16	static
/Users/faner/Documents/Repo/NFC12A1+L476/Middlewares/ST/rfal/Src/rfal_isoDep.c:1153:12:rfalIsoDepListenStartActivation	64	static
/Users/faner/Documents/Repo/NFC12A1+L476/Middlewares/ST/rfal/Src/rfal_isoDep.c:1290:12:rfalIsoDepListenGetActivationStatus	40	static
/Users/faner/Documents/Repo/NFC12A1+L476/Middlewares/ST/rfal/Src/rfal_isoDep.c:1445:10:rfalIsoDepGetMaxInfLen	16	static
/Users/faner/Documents/Repo/NFC12A1+L476/Middlewares/ST/rfal/Src/rfal_isoDep.c:1459:12:rfalIsoDepStartTransceive	8	static
/Users/faner/Documents/Repo/NFC12A1+L476/Middlewares/ST/rfal/Src/rfal_isoDep.c:1514:12:rfalIsoDepGetTransceiveStatus	8	static
/Users/faner/Documents/Repo/NFC12A1+L476/Middlewares/ST/rfal/Src/rfal_isoDep.c:1538:19:rfalIsoDepDataExchangePICC	40	static
/Users/faner/Documents/Repo/NFC12A1+L476/Middlewares/ST/rfal/Src/rfal_isoDep.c:1900:19:rfalIsoDepStartRATS	56	static
/Users/faner/Documents/Repo/NFC12A1+L476/Middlewares/ST/rfal/Src/rfal_isoDep.c:1924:19:rfalIsoDepGetRATSStatus	16	static
/Users/faner/Documents/Repo/NFC12A1+L476/Middlewares/ST/rfal/Src/rfal_isoDep.c:1954:12:rfalIsoDepRATS	32	static
/Users/faner/Documents/Repo/NFC12A1+L476/Middlewares/ST/rfal/Src/rfal_isoDep.c:1966:19:rfalIsoDepStartPPS	48	static
/Users/faner/Documents/Repo/NFC12A1+L476/Middlewares/ST/rfal/Src/rfal_isoDep.c:1989:19:rfalIsoDepGetPPSSTatus	16	static
/Users/faner/Documents/Repo/NFC12A1+L476/Middlewares/ST/rfal/Src/rfal_isoDep.c:2009:12:rfalIsoDepPPS	24	static
/Users/faner/Documents/Repo/NFC12A1+L476/Middlewares/ST/rfal/Src/rfal_isoDep.c:2024:19:rfalIsoDepStartATTRIB	48	static
/Users/faner/Documents/Repo/NFC12A1+L476/Middlewares/ST/rfal/Src/rfal_isoDep.c:2058:19:rfalIsoDepGetATTRIBStatus	16	static
/Users/faner/Documents/Repo/NFC12A1+L476/Middlewares/ST/rfal/Src/rfal_isoDep.c:2086:12:rfalIsoDepATTRIB	56	static
/Users/faner/Documents/Repo/NFC12A1+L476/Middlewares/ST/rfal/Src/rfal_isoDep.c:2102:12:rfalIsoDepPollAHandleActivation	24	static
/Users/faner/Documents/Repo/NFC12A1+L476/Middlewares/ST/rfal/Src/rfal_isoDep.c:2114:12:rfalIsoDepPollAStartActivation	24	static
/Users/faner/Documents/Repo/NFC12A1+L476/Middlewares/ST/rfal/Src/rfal_isoDep.c:2139:12:rfalIsoDepPollAGetActivationStatus	24	static
/Users/faner/Documents/Repo/NFC12A1+L476/Middlewares/ST/rfal/Src/rfal_isoDep.c:2322:12:rfalIsoDepPollBHandleActivation	48	static
/Users/faner/Documents/Repo/NFC12A1+L476/Middlewares/ST/rfal/Src/rfal_isoDep.c:2335:12:rfalIsoDepPollBStartActivation	72	static
/Users/faner/Documents/Repo/NFC12A1+L476/Middlewares/ST/rfal/Src/rfal_isoDep.c:2410:12:rfalIsoDepPollBGetActivationStatus	16	static
/Users/faner/Documents/Repo/NFC12A1+L476/Middlewares/ST/rfal/Src/rfal_isoDep.c:2468:12:rfalIsoDepPollHandleSParameters	64	static
/Users/faner/Documents/Repo/NFC12A1+L476/Middlewares/ST/rfal/Src/rfal_isoDep.c:2592:13:rfalIsoDepCalcBitRate	32	static
/Users/faner/Documents/Repo/NFC12A1+L476/Middlewares/ST/rfal/Src/rfal_isoDep.c:2661:17:rfalIsoDepSFGI2SFGT	24	static
/Users/faner/Documents/Repo/NFC12A1+L476/Middlewares/ST/rfal/Src/rfal_isoDep.c:2692:14:rfalIsoDepApdu2IBLockParam	16	static
/Users/faner/Documents/Repo/NFC12A1+L476/Middlewares/ST/rfal/Src/rfal_isoDep.c:2722:12:rfalIsoDepStartApduTransceive	96	static
/Users/faner/Documents/Repo/NFC12A1+L476/Middlewares/ST/rfal/Src/rfal_isoDep.c:2743:12:rfalIsoDepGetApduTransceiveStatus	96	static
