/Users/faner/Documents/Repo/NFC12A1+L476/Middlewares/ST/rfal/Src/rfal_nfcv.c:154:19:rfalNfcvParseError	16	static
/Users/faner/Documents/Repo/NFC12A1+L476/Middlewares/ST/rfal/Src/rfal_nfcv.c:180:12:rfalNfcvPollerInitialize	16	static
/Users/faner/Documents/Repo/NFC12A1+L476/Middlewares/ST/rfal/Src/rfal_nfcv.c:195:12:rfalNfcvPollerCheckPresence	32	static
/Users/faner/Documents/Repo/NFC12A1+L476/Middlewares/ST/rfal/Src/rfal_nfcv.c:212:12:rfalNfcvPollerInventory	56	static
/Users/faner/Documents/Repo/NFC12A1+L476/Middlewares/ST/rfal/Src/rfal_nfcv.c:253:12:rfalNfcvPollerCollisionResolution	192	static
/Users/faner/Documents/Repo/NFC12A1+L476/Middlewares/ST/rfal/Src/rfal_nfcv.c:410:12:rfalNfcvPollerSleepCollisionResolution	32	static
/Users/faner/Documents/Repo/NFC12A1+L476/Middlewares/ST/rfal/Src/rfal_nfcv.c:441:12:rfalNfcvPollerSleep	48	static
/Users/faner/Documents/Repo/NFC12A1+L476/Middlewares/ST/rfal/Src/rfal_nfcv.c:468:12:rfalNfcvPollerSelect	88	static
/Users/faner/Documents/Repo/NFC12A1+L476/Middlewares/ST/rfal/Src/rfal_nfcv.c:482:12:rfalNfcvPollerReadSingleBlock	56	static
/Users/faner/Documents/Repo/NFC12A1+L476/Middlewares/ST/rfal/Src/rfal_nfcv.c:492:12:rfalNfcvPollerWriteSingleBlock	128	static
/Users/faner/Documents/Repo/NFC12A1+L476/Middlewares/ST/rfal/Src/rfal_nfcv.c:516:12:rfalNfcvPollerLockBlock	88	static
/Users/faner/Documents/Repo/NFC12A1+L476/Middlewares/ST/rfal/Src/rfal_nfcv.c:528:12:rfalNfcvPollerReadMultipleBlocks	48	static
/Users/faner/Documents/Repo/NFC12A1+L476/Middlewares/ST/rfal/Src/rfal_nfcv.c:543:12:rfalNfcvPollerWriteMultipleBlocks	88	static
/Users/faner/Documents/Repo/NFC12A1+L476/Middlewares/ST/rfal/Src/rfal_nfcv.c:606:12:rfalNfcvPollerExtendedReadSingleBlock	56	static
/Users/faner/Documents/Repo/NFC12A1+L476/Middlewares/ST/rfal/Src/rfal_nfcv.c:622:12:rfalNfcvPollerExtendedWriteSingleBlock	128	static
/Users/faner/Documents/Repo/NFC12A1+L476/Middlewares/ST/rfal/Src/rfal_nfcv.c:647:12:rfalNfcvPollerExtendedLockSingleBlock	88	static
/Users/faner/Documents/Repo/NFC12A1+L476/Middlewares/ST/rfal/Src/rfal_nfcv.c:664:12:rfalNfcvPollerExtendedReadMultipleBlocks	56	static
/Users/faner/Documents/Repo/NFC12A1+L476/Middlewares/ST/rfal/Src/rfal_nfcv.c:681:12:rfalNfcvPollerExtendedWriteMultipleBlocks	96	static
/Users/faner/Documents/Repo/NFC12A1+L476/Middlewares/ST/rfal/Src/rfal_nfcv.c:748:12:rfalNfcvPollerGetSystemInformation	48	static
/Users/faner/Documents/Repo/NFC12A1+L476/Middlewares/ST/rfal/Src/rfal_nfcv.c:754:12:rfalNfcvPollerExtendedGetSystemInformation	48	static
/Users/faner/Documents/Repo/NFC12A1+L476/Middlewares/ST/rfal/Src/rfal_nfcv.c:760:12:rfalNfcvPollerTransceiveReq	88	static
