Archive member included to satisfy reference by file (symbol)

/Applications/STM32CubeIDE.app/Contents/Eclipse/plugins/com.st.stm32cube.ide.mcu.externaltools.gnu-tools-for-stm32.13.3.rel1.macos64_1.0.0.202411102158/tools/bin/../lib/gcc/arm-none-eabi/13.3.1/../../../../arm-none-eabi/lib/thumb/v7e-m+fp/hard/libc_nano.a(libc_a-exit.o)
                              /Applications/STM32CubeIDE.app/Contents/Eclipse/plugins/com.st.stm32cube.ide.mcu.externaltools.gnu-tools-for-stm32.13.3.rel1.macos64_1.0.0.202411102158/tools/bin/../lib/gcc/arm-none-eabi/13.3.1/../../../../arm-none-eabi/lib/thumb/v7e-m+fp/hard/crt0.o (exit)
/Applications/STM32CubeIDE.app/Contents/Eclipse/plugins/com.st.stm32cube.ide.mcu.externaltools.gnu-tools-for-stm32.13.3.rel1.macos64_1.0.0.202411102158/tools/bin/../lib/gcc/arm-none-eabi/13.3.1/../../../../arm-none-eabi/lib/thumb/v7e-m+fp/hard/libc_nano.a(libc_a-findfp.o)
                              /Applications/STM32CubeIDE.app/Contents/Eclipse/plugins/com.st.stm32cube.ide.mcu.externaltools.gnu-tools-for-stm32.13.3.rel1.macos64_1.0.0.202411102158/tools/bin/../lib/gcc/arm-none-eabi/13.3.1/../../../../arm-none-eabi/lib/thumb/v7e-m+fp/hard/libc_nano.a(libc_a-exit.o) (__stdio_exit_handler)
/Applications/STM32CubeIDE.app/Contents/Eclipse/plugins/com.st.stm32cube.ide.mcu.externaltools.gnu-tools-for-stm32.13.3.rel1.macos64_1.0.0.202411102158/tools/bin/../lib/gcc/arm-none-eabi/13.3.1/../../../../arm-none-eabi/lib/thumb/v7e-m+fp/hard/libc_nano.a(libc_a-vsnprintf.o)
                              ./Application/User/logger.o (vsnprintf)
/Applications/STM32CubeIDE.app/Contents/Eclipse/plugins/com.st.stm32cube.ide.mcu.externaltools.gnu-tools-for-stm32.13.3.rel1.macos64_1.0.0.202411102158/tools/bin/../lib/gcc/arm-none-eabi/13.3.1/../../../../arm-none-eabi/lib/thumb/v7e-m+fp/hard/libc_nano.a(libc_a-fwalk.o)
                              /Applications/STM32CubeIDE.app/Contents/Eclipse/plugins/com.st.stm32cube.ide.mcu.externaltools.gnu-tools-for-stm32.13.3.rel1.macos64_1.0.0.202411102158/tools/bin/../lib/gcc/arm-none-eabi/13.3.1/../../../../arm-none-eabi/lib/thumb/v7e-m+fp/hard/libc_nano.a(libc_a-findfp.o) (_fwalk_sglue)
/Applications/STM32CubeIDE.app/Contents/Eclipse/plugins/com.st.stm32cube.ide.mcu.externaltools.gnu-tools-for-stm32.13.3.rel1.macos64_1.0.0.202411102158/tools/bin/../lib/gcc/arm-none-eabi/13.3.1/../../../../arm-none-eabi/lib/thumb/v7e-m+fp/hard/libc_nano.a(libc_a-memcmp.o)
                              ./Application/User/demo_ce.o (memcmp)
/Applications/STM32CubeIDE.app/Contents/Eclipse/plugins/com.st.stm32cube.ide.mcu.externaltools.gnu-tools-for-stm32.13.3.rel1.macos64_1.0.0.202411102158/tools/bin/../lib/gcc/arm-none-eabi/13.3.1/../../../../arm-none-eabi/lib/thumb/v7e-m+fp/hard/libc_nano.a(libc_a-memmove.o)
                              ./Middlewares/X-CUBE-NFC12/Wireless/MID_LIB_NFC12/RFAL/Default_Config/rfal_isoDep.o (memmove)
/Applications/STM32CubeIDE.app/Contents/Eclipse/plugins/com.st.stm32cube.ide.mcu.externaltools.gnu-tools-for-stm32.13.3.rel1.macos64_1.0.0.202411102158/tools/bin/../lib/gcc/arm-none-eabi/13.3.1/../../../../arm-none-eabi/lib/thumb/v7e-m+fp/hard/libc_nano.a(libc_a-memset.o)
                              /Applications/STM32CubeIDE.app/Contents/Eclipse/plugins/com.st.stm32cube.ide.mcu.externaltools.gnu-tools-for-stm32.13.3.rel1.macos64_1.0.0.202411102158/tools/bin/../lib/gcc/arm-none-eabi/13.3.1/../../../../arm-none-eabi/lib/thumb/v7e-m+fp/hard/crt0.o (memset)
/Applications/STM32CubeIDE.app/Contents/Eclipse/plugins/com.st.stm32cube.ide.mcu.externaltools.gnu-tools-for-stm32.13.3.rel1.macos64_1.0.0.202411102158/tools/bin/../lib/gcc/arm-none-eabi/13.3.1/../../../../arm-none-eabi/lib/thumb/v7e-m+fp/hard/libc_nano.a(libc_a-errno.o)
                              ./Application/User/syscalls.o (__errno)
/Applications/STM32CubeIDE.app/Contents/Eclipse/plugins/com.st.stm32cube.ide.mcu.externaltools.gnu-tools-for-stm32.13.3.rel1.macos64_1.0.0.202411102158/tools/bin/../lib/gcc/arm-none-eabi/13.3.1/../../../../arm-none-eabi/lib/thumb/v7e-m+fp/hard/libc_nano.a(libc_a-init.o)
                              /Applications/STM32CubeIDE.app/Contents/Eclipse/plugins/com.st.stm32cube.ide.mcu.externaltools.gnu-tools-for-stm32.13.3.rel1.macos64_1.0.0.202411102158/tools/bin/../lib/gcc/arm-none-eabi/13.3.1/../../../../arm-none-eabi/lib/thumb/v7e-m+fp/hard/crt0.o (__libc_init_array)
/Applications/STM32CubeIDE.app/Contents/Eclipse/plugins/com.st.stm32cube.ide.mcu.externaltools.gnu-tools-for-stm32.13.3.rel1.macos64_1.0.0.202411102158/tools/bin/../lib/gcc/arm-none-eabi/13.3.1/../../../../arm-none-eabi/lib/thumb/v7e-m+fp/hard/libc_nano.a(libc_a-lock.o)
                              /Applications/STM32CubeIDE.app/Contents/Eclipse/plugins/com.st.stm32cube.ide.mcu.externaltools.gnu-tools-for-stm32.13.3.rel1.macos64_1.0.0.202411102158/tools/bin/../lib/gcc/arm-none-eabi/13.3.1/../../../../arm-none-eabi/lib/thumb/v7e-m+fp/hard/libc_nano.a(libc_a-findfp.o) (__retarget_lock_init_recursive)
[...]
Memory Configuration

Name             Origin             Length             Attributes
RAM              0x20000000         0x00018000         xrw
RAM2             0x10000000         0x00008000         xrw
FLASH            0x08000000         0x00100000         xr
*default*        0x00000000         0xffffffff

Linker script and memory map

LOAD /Applications/STM32CubeIDE.app/Contents/Eclipse/plugins/com.st.stm32cube.ide.mcu.externaltools.gnu-tools-for-stm32.13.3.rel1.macos64_1.0.0.202411102158/tools/bin/../lib/gcc/arm-none-eabi/13.3.1/thumb/v7e-m+fp/hard/crti.o
LOAD /Applications/STM32CubeIDE.app/Contents/Eclipse/plugins/com.st.stm32cube.ide.mcu.externaltools.gnu-tools-for-stm32.13.3.rel1.macos64_1.0.0.202411102158/tools/bin/../lib/gcc/arm-none-eabi/13.3.1/thumb/v7e-m+fp/hard/crtbegin.o
LOAD /Applications/STM32CubeIDE.app/Contents/Eclipse/plugins/com.st.stm32cube.ide.mcu.externaltools.gnu-tools-for-stm32.13.3.rel1.macos64_1.0.0.202411102158/tools/bin/../lib/gcc/arm-none-eabi/13.3.1/../../../../arm-none-eabi/lib/thumb/v7e-m+fp/hard/crt0.o
LOAD ./Application/Startup/startup_stm32l476rgtx.o
LOAD ./Application/User/app_x-cube-nfc12.o
LOAD ./Application/User/demo_ce.o
LOAD ./Application/User/demo_polling.o
LOAD ./Application/User/logger.o
LOAD ./Application/User/main.o
LOAD ./Application/User/nfc_conf.o
LOAD ./Application/User/stm32l4xx_hal_msp.o
LOAD ./Application/User/stm32l4xx_it.o
LOAD ./Application/User/stm32l4xx_nucleo.o
LOAD ./Application/User/stm32l4xx_nucleo_bus.o
LOAD ./Application/User/syscalls.o
LOAD ./Application/User/sysmem.o
LOAD ./Application/User/timer.o
LOAD ./Drivers/BSP/Components/rfal_rfst25r500.o
LOAD ./Drivers/BSP/Components/st25r500.o
LOAD ./Drivers/BSP/Components/st25r500_com.o
LOAD ./Drivers/BSP/Components/st25r500_dpocr.o
LOAD ./Drivers/BSP/Components/st25r500_irq.o
LOAD ./Drivers/CMSIS/system_stm32l4xx.o
LOAD ./Drivers/STM32L4xx_HAL_Driver/stm32l4xx_hal.o
LOAD ./Drivers/STM32L4xx_HAL_Driver/stm32l4xx_hal_cortex.o
LOAD ./Drivers/STM32L4xx_HAL_Driver/stm32l4xx_hal_dma.o
LOAD ./Drivers/STM32L4xx_HAL_Driver/stm32l4xx_hal_dma_ex.o
LOAD ./Drivers/STM32L4xx_HAL_Driver/stm32l4xx_hal_exti.o
LOAD ./Drivers/STM32L4xx_HAL_Driver/stm32l4xx_hal_flash.o
LOAD ./Drivers/STM32L4xx_HAL_Driver/stm32l4xx_hal_flash_ex.o
LOAD ./Drivers/STM32L4xx_HAL_Driver/stm32l4xx_hal_flash_ramfunc.o
LOAD ./Drivers/STM32L4xx_HAL_Driver/stm32l4xx_hal_gpio.o
LOAD ./Drivers/STM32L4xx_HAL_Driver/stm32l4xx_hal_i2c.o
LOAD ./Drivers/STM32L4xx_HAL_Driver/stm32l4xx_hal_i2c_ex.o
LOAD ./Drivers/STM32L4xx_HAL_Driver/stm32l4xx_hal_pwr.o
LOAD ./Drivers/STM32L4xx_HAL_Driver/stm32l4xx_hal_pwr_ex.o
LOAD ./Drivers/STM32L4xx_HAL_Driver/stm32l4xx_hal_rcc.o
LOAD ./Drivers/STM32L4xx_HAL_Driver/stm32l4xx_hal_rcc_ex.o
LOAD ./Drivers/STM32L4xx_HAL_Driver/stm32l4xx_hal_spi.o
LOAD ./Drivers/STM32L4xx_HAL_Driver/stm32l4xx_hal_spi_ex.o
LOAD ./Drivers/STM32L4xx_HAL_Driver/stm32l4xx_hal_uart.o
LOAD ./Drivers/STM32L4xx_HAL_Driver/stm32l4xx_hal_uart_ex.o
LOAD ./Middlewares/X-CUBE-NFC12/Wireless/MID_LIB_NFC12/RFAL/Default_Config/rfal_analogConfig.o
LOAD ./Middlewares/X-CUBE-NFC12/Wireless/MID_LIB_NFC12/RFAL/Default_Config/rfal_cd.o
LOAD ./Middlewares/X-CUBE-NFC12/Wireless/MID_LIB_NFC12/RFAL/Default_Config/rfal_crc.o
LOAD ./Middlewares/X-CUBE-NFC12/Wireless/MID_LIB_NFC12/RFAL/Default_Config/rfal_dpo.o
LOAD ./Middlewares/X-CUBE-NFC12/Wireless/MID_LIB_NFC12/RFAL/Default_Config/rfal_iso15693_2.o
LOAD ./Middlewares/X-CUBE-NFC12/Wireless/MID_LIB_NFC12/RFAL/Default_Config/rfal_isoDep.o
LOAD ./Middlewares/X-CUBE-NFC12/Wireless/MID_LIB_NFC12/RFAL/Default_Config/rfal_nfc.o
LOAD ./Middlewares/X-CUBE-NFC12/Wireless/MID_LIB_NFC12/RFAL/Default_Config/rfal_nfcDep.o
LOAD ./Middlewares/X-CUBE-NFC12/Wireless/MID_LIB_NFC12/RFAL/Default_Config/rfal_nfca.o
LOAD ./Middlewares/X-CUBE-NFC12/Wireless/MID_LIB_NFC12/RFAL/Default_Config/rfal_nfcb.o
LOAD ./Middlewares/X-CUBE-NFC12/Wireless/MID_LIB_NFC12/RFAL/Default_Config/rfal_nfcf.o
LOAD ./Middlewares/X-CUBE-NFC12/Wireless/MID_LIB_NFC12/RFAL/Default_Config/rfal_nfcv.o
LOAD ./Middlewares/X-CUBE-NFC12/Wireless/MID_LIB_NFC12/RFAL/Default_Config/rfal_st25tb.o
LOAD ./Middlewares/X-CUBE-NFC12/Wireless/MID_LIB_NFC12/RFAL/Default_Config/rfal_st25xv.o
LOAD ./Middlewares/X-CUBE-NFC12/Wireless/MID_LIB_NFC12/RFAL/Default_Config/rfal_t1t.o
LOAD ./Middlewares/X-CUBE-NFC12/Wireless/MID_LIB_NFC12/RFAL/Default_Config/rfal_t2t.o
LOAD ./Middlewares/X-CUBE-NFC12/Wireless/MID_LIB_NFC12/RFAL/Default_Config/rfal_t4t.o
START GROUP
LOAD /Applications/STM32CubeIDE.app/Contents/Eclipse/plugins/com.st.stm32cube.ide.mcu.externaltools.gnu-tools-for-stm32.13.3.rel1.macos64_1.0.0.202411102158/tools/bin/../lib/gcc/arm-none-eabi/13.3.1/../../../../arm-none-eabi/lib/thumb/v7e-m+fp/hard/libc_nano.a
LOAD /Applications/STM32CubeIDE.app/Contents/Eclipse/plugins/com.st.stm32cube.ide.mcu.externaltools.gnu-tools-for-stm32.13.3.rel1.macos64_1.0.0.202411102158/tools/bin/../lib/gcc/arm-none-eabi/13.3.1/../../../../arm-none-eabi/lib/thumb/v7e-m+fp/hard/libm.a
END GROUP
START GROUP
LOAD /Applications/STM32CubeIDE.app/Contents/Eclipse/plugins/com.st.stm32cube.ide.mcu.externaltools.gnu-tools-for-stm32.13.3.rel1.macos64_1.0.0.202411102158/tools/bin/../lib/gcc/arm-none-eabi/13.3.1/thumb/v7e-m+fp/hard/libgcc.a
LOAD /Applications/STM32CubeIDE.app/Contents/Eclipse/plugins/com.st.stm32cube.ide.mcu.externaltools.gnu-tools-for-stm32.13.3.rel1.macos64_1.0.0.202411102158/tools/bin/../lib/gcc/arm-none-eabi/13.3.1/../../../../arm-none-eabi/lib/thumb/v7e-m+fp/hard/libc_nano.a
END GROUP
START GROUP
LOAD /Applications/STM32CubeIDE.app/Contents/Eclipse/plugins/com.st.stm32cube.ide.mcu.externaltools.gnu-tools-for-stm32.13.3.rel1.macos64_1.0.0.202411102158/tools/bin/../lib/gcc/arm-none-eabi/13.3.1/thumb/v7e-m+fp/hard/libgcc.a
LOAD /Applications/STM32CubeIDE.app/Contents/Eclipse/plugins/com.st.stm32cube.ide.mcu.externaltools.gnu-tools-for-stm32.13.3.rel1.macos64_1.0.0.202411102158/tools/bin/../lib/gcc/arm-none-eabi/13.3.1/../../../../arm-none-eabi/lib/thumb/v7e-m+fp/hard/libc_nano.a
LOAD /Applications/STM32CubeIDE.app/Contents/Eclipse/plugins/com.st.stm32cube.ide.mcu.externaltools.gnu-tools-for-stm32.13.3.rel1.macos64_1.0.0.202411102158/tools/bin/../lib/gcc/arm-none-eabi/13.3.1/../../../../arm-none-eabi/lib/thumb/v7e-m+fp/hard/libnosys.a
END GROUP
START GROUP
LOAD /Applications/STM32CubeIDE.app/Contents/Eclipse/plugins/com.st.stm32cube.ide.mcu.externaltools.gnu-tools-for-stm32.13.3.rel1.macos64_1.0.0.202411102158/tools/bin/../lib/gcc/arm-none-eabi/13.3.1/thumb/v7e-m+fp/hard/libgcc.a
LOAD /Applications/STM32CubeIDE.app/Contents/Eclipse/plugins/com.st.stm32cube.ide.mcu.externaltools.gnu-tools-for-stm32.13.3.rel1.macos64_1.0.0.202411102158/tools/bin/../lib/gcc/arm-none-eabi/13.3.1/../../../../arm-none-eabi/lib/thumb/v7e-m+fp/hard/libc_nano.a
LOAD /Applications/STM32CubeIDE.app/Contents/Eclipse/plugins/com.st.stm32cube.ide.mcu.externaltools.gnu-tools-for-stm32.13.3.rel1.macos64_1.0.0.202411102158/tools/bin/../lib/gcc/arm-none-eabi/13.3.1/../../../../arm-none-eabi/lib/thumb/v7e-m+fp/hard/libnosys.a
END GROUP
LOAD /Applications/STM32CubeIDE.app/Contents/Eclipse/plugins/com.st.stm32cube.ide.mcu.externaltools.gnu-tools-for-stm32.13.3.rel1.macos64_1.0.0.202411102158/tools/bin/../lib/gcc/arm-none-eabi/13.3.1/thumb/v7e-m+fp/hard/crtend.o
LOAD /Applications/STM32CubeIDE.app/Contents/Eclipse/plugins/com.st.stm32cube.ide.mcu.externaltools.gnu-tools-for-stm32.13.3.rel1.macos64_1.0.0.202411102158/tools/bin/../lib/gcc/arm-none-eabi/13.3.1/thumb/v7e-m+fp/hard/crtn.o
                0x20018000                        _estack = (ORIGIN (RAM) + LENGTH (RAM))
                0x00000200                        _Min_Heap_Size = 0x200
                0x00000a00                        _Min_Stack_Size = 0xa00

.isr_vector     0x08000000      0x188
                0x08000000                        . = ALIGN (0x4)
 *(.isr_vector)
 .isr_vector    0x08000000      0x188 ./Application/Startup/startup_stm32l476rgtx.o
                0x08000000                g_pfnVectors
                0x08000188                        . = ALIGN (0x4)

.text           0x08000190    0x15728
                0x08000190                        . = ALIGN (0x4)
 *(.text)
 .text          0x08000190       0x40 /Applications/STM32CubeIDE.app/Contents/Eclipse/plugins/com.st.stm32cube.ide.mcu.externaltools.gnu-tools-for-stm32.13.3.rel1.macos64_1.0.0.202411102158/tools/bin/../lib/gcc/arm-none-eabi/13.3.1/thumb/v7e-m+fp/hard/crtbegin.o
 .text          0x080001d0       0x10 /Applications/STM32CubeIDE.app/Contents/Eclipse/plugins/com.st.stm32cube.ide.mcu.externaltools.gnu-tools-for-stm32.13.3.rel1.macos64_1.0.0.202411102158/tools/bin/../lib/gcc/arm-none-eabi/13.3.1/../../../../arm-none-eabi/lib/thumb/v7e-m+fp/hard/libc_nano.a(libc_a-strlen.o)
                0x080001d0                strlen
 .text          0x080001e0       0xa0 /Applications/STM32CubeIDE.app/Contents/Eclipse/plugins/com.st.stm32cube.ide.mcu.externaltools.gnu-tools-for-stm32.13.3.rel1.macos64_1.0.0.202411102158/tools/bin/../lib/gcc/arm-none-eabi/13.3.1/../../../../arm-none-eabi/lib/thumb/v7e-m+fp/hard/libc_nano.a(libc_a-memchr.o)
                0x080001e0                memchr
 .text          0x08000280       0x30 /Applications/STM32CubeIDE.app/Contents/Eclipse/plugins/com.st.stm32cube.ide.mcu.externaltools.gnu-tools-for-stm32.13.3.rel1.macos64_1.0.0.202411102158/tools/bin/../lib/gcc/arm-none-eabi/13.3.1/thumb/v7e-m+fp/hard/libgcc.a(_aeabi_uldivmod.o)
                0x08000280                __aeabi_uldivmod
 .text          0x080002b0      0x2f8 /Applications/STM32CubeIDE.app/Contents/Eclipse/plugins/com.st.stm32cube.ide.mcu.externaltools.gnu-tools-for-stm32.13.3.rel1.macos64_1.0.0.202411102158/tools/bin/../lib/gcc/arm-none-eabi/13.3.1/thumb/v7e-m+fp/hard/libgcc.a(_udivmoddi4.o)
                0x080002b0                __udivmoddi4
 .text          0x080005a8        0x4 /Applications/STM32CubeIDE.app/Contents/Eclipse/plugins/com.st.stm32cube.ide.mcu.externaltools.gnu-tools-for-stm32.13.3.rel1.macos64_1.0.0.202411102158/tools/bin/../lib/gcc/arm-none-eabi/13.3.1/thumb/v7e-m+fp/hard/libgcc.a(_dvmd_tls.o)
                0x080005a8                __aeabi_ldiv0
                0x080005a8                __aeabi_idiv0
 *(.text*)
 .text.Reset_Handler
                0x080005ac       0x50 ./Application/Startup/startup_stm32l476rgtx.o
                0x080005ac                Reset_Handler
 .text.Default_Handler
                0x080005fc        0x2 ./Application/Startup/startup_stm32l476rgtx.o
                0x080005fc                TIM1_BRK_TIM15_IRQHandler
                0x080005fc                EXTI2_IRQHandler
                0x080005fc                TIM8_TRG_COM_IRQHandler
                0x080005fc                TIM8_CC_IRQHandler
                0x080005fc                TIM1_CC_IRQHandler
                0x080005fc                TSC_IRQHandler
                0x080005fc                TAMP_STAMP_IRQHandler
                0x080005fc                EXTI3_IRQHandler
                0x080005fc                LPTIM2_IRQHandler
                0x080005fc                DFSDM1_FLT1_IRQHandler
                0x080005fc                I2C3_ER_IRQHandler
                0x080005fc                DFSDM1_FLT2_IRQHandler
                0x080005fc                I2C2_EV_IRQHandler
                0x080005fc                CAN1_RX0_IRQHandler
                0x080005fc                FPU_IRQHandler
                0x080005fc                TIM1_UP_TIM16_IRQHandler
                0x080005fc                ADC1_2_IRQHandler
                0x080005fc                SPI1_IRQHandler
                0x080005fc                TIM6_DAC_IRQHandler
                0x080005fc                TIM8_UP_IRQHandler
                0x080005fc                DMA2_Channel2_IRQHandler
                0x080005fc                DMA1_Channel4_IRQHandler
                0x080005fc                SAI2_IRQHandler
                0x080005fc                DFSDM1_FLT3_IRQHandler
                0x080005fc                USART3_IRQHandler
                0x080005fc                DMA1_Channel7_IRQHandler
                0x080005fc                CAN1_RX1_IRQHandler
                0x080005fc                LCD_IRQHandler
                0x080005fc                UART5_IRQHandler
                0x080005fc                ADC3_IRQHandler
                0x080005fc                TIM4_IRQHandler
                0x080005fc                DMA2_Channel1_IRQHandler
                0x080005fc                QUADSPI_IRQHandler
                0x080005fc                I2C1_EV_IRQHandler
                0x080005fc                DMA1_Channel6_IRQHandler
                0x080005fc                UART4_IRQHandler
                0x080005fc                DMA2_Channel4_IRQHandler
                0x080005fc                TIM3_IRQHandler
                0x080005fc                RCC_IRQHandler
                0x080005fc                DMA1_Channel1_IRQHandler
                0x080005fc                Default_Handler
                0x080005fc                DMA2_Channel7_IRQHandler
                0x080005fc                EXTI15_10_IRQHandler
                0x080005fc                TIM7_IRQHandler
                0x080005fc                SDMMC1_IRQHandler
                0x080005fc                TIM5_IRQHandler
                0x080005fc                I2C3_EV_IRQHandler
                0x080005fc                EXTI9_5_IRQHandler
                0x080005fc                RTC_WKUP_IRQHandler
                0x080005fc                PVD_PVM_IRQHandler
                0x080005fc                SPI2_IRQHandler
                0x080005fc                CAN1_TX_IRQHandler
                0x080005fc                DMA2_Channel5_IRQHandler
                0x080005fc                DMA1_Channel5_IRQHandler
                0x080005fc                EXTI4_IRQHandler
                0x080005fc                RNG_IRQHandler
                0x080005fc                TIM1_TRG_COM_TIM17_IRQHandler
                0x080005fc                DMA1_Channel3_IRQHandler
                0x080005fc                COMP_IRQHandler
                0x080005fc                WWDG_IRQHandler
                0x080005fc                LPUART1_IRQHandler
                0x080005fc                DMA2_Channel6_IRQHandler
                0x080005fc                TIM2_IRQHandler
                0x080005fc                EXTI1_IRQHandler
                0x080005fc                USART2_IRQHandler
                0x080005fc                DFSDM1_FLT0_IRQHandler
                0x080005fc                I2C2_ER_IRQHandler
                0x080005fc                DMA1_Channel2_IRQHandler
                0x080005fc                TIM8_BRK_IRQHandler
                0x080005fc                CAN1_SCE_IRQHandler
                0x080005fc                FLASH_IRQHandler
                0x080005fc                USART1_IRQHandler
                0x080005fc                OTG_FS_IRQHandler
                0x080005fc                SPI3_IRQHandler
                0x080005fc                I2C1_ER_IRQHandler
                0x080005fc                FMC_IRQHandler
                0x080005fc                SWPMI1_IRQHandler
                0x080005fc                LPTIM1_IRQHandler
                0x080005fc                SAI1_IRQHandler
                0x080005fc                DMA2_Channel3_IRQHandler
                0x080005fc                RTC_Alarm_IRQHandler
 .text.MX_X_CUBE_NFC12_Init
                0x080005fe        0xc ./Application/User/app_x-cube-nfc12.o
                0x080005fe                MX_X_CUBE_NFC12_Init
 .text.MX_X_CUBE_NFC12_Process
                0x0800060a        0xc ./Application/User/app_x-cube-nfc12.o
                0x0800060a                MX_X_CUBE_NFC12_Process
 *fill*         0x08000616        0x2 
 .text.MX_NFC12_PollingDemo_Init
                0x08000618      0x150 ./Application/User/app_x-cube-nfc12.o
                0x08000618                MX_NFC12_PollingDemo_Init
 .text.BSP_NFC0XCOMM_SendRecv
                0x08000768       0x9c ./Application/User/app_x-cube-nfc12.o
                0x08000768                BSP_NFC0XCOMM_SendRecv
 .text.BSP_NFC0XCOMM_IRQ_Callback
                0x08000804        0xc ./Application/User/app_x-cube-nfc12.o
                0x08000804                BSP_NFC0XCOMM_IRQ_Callback
 .text.cmdCompare
                0x08000810       0x44 ./Application/User/demo_ce.o
 .text.demoCeT4TSelect
                0x08000854      0x118 ./Application/User/demo_ce.o
 .text.demoCeT4TRead
                0x0800096c      0x108 ./Application/User/demo_ce.o
 .text.demoCeT4TUpdate
                0x08000a74       0x9c ./Application/User/demo_ce.o
 .text.demoCeT3TCheck
                0x08000b10      0x420 ./Application/User/demo_ce.o
 .text.demoCeT3TUpdate
                0x08000f30      0x370 ./Application/User/demo_ce.o
 .text.demoCeInit
                0x080012a0       0x94 ./Application/User/demo_ce.o
                0x080012a0                demoCeInit
 .text.demoCeT4T
                0x08001334       0xa0 ./Application/User/demo_ce.o
                0x08001334                demoCeT4T
 .text.demoCeT3T
                0x080013d4       0x84 ./Application/User/demo_ce.o
                0x080013d4                demoCeT3T
 .text.demoNotif
                0x08001458       0x9c ./Application/User/demo_polling.o
 .text.demoIni  0x080014f4      0x204 ./Application/User/demo_polling.o
                0x080014f4                demoIni
 .text.demoCycle
                0x080016f8      0x464 ./Application/User/demo_polling.o
                0x080016f8                demoCycle
 .text.demoCE   0x08001b5c      0x14c ./Application/User/demo_polling.o
 .text.demoNfcf
                0x08001ca8       0x94 ./Application/User/demo_polling.o
 .text.demoNfcv
                0x08001d3c      0x22c ./Application/User/demo_polling.o
 .text.demoT2t  0x08001f68       0x60 ./Application/User/demo_polling.o
 .text.demoP2P  0x08001fc8      0x104 ./Application/User/demo_polling.o
 .text.demoAPDU
                0x080020cc      0x124 ./Application/User/demo_polling.o
 .text.demoTransceiveBlocking
                0x080021f0       0x46 ./Application/User/demo_polling.o
                0x080021f0                demoTransceiveBlocking
 *fill*         0x08002236        0x2 
 .text.logUsartInit
                0x08002238       0x20 ./Application/User/logger.o
                0x08002238                logUsartInit
 .text.logUsartTx
                0x08002258       0x38 ./Application/User/logger.o
                0x08002258                logUsartTx
 .text.logUsart
                0x08002290       0x50 ./Application/User/logger.o
                0x08002290                logUsart
 .text.hex2Str  0x080022e0       0xb8 ./Application/User/logger.o
                0x080022e0                hex2Str
 .text.main     0x08002398       0x1a ./Application/User/main.o
                0x08002398                main
 *fill*         0x080023b2        0x2 
 .text.SystemClock_Config
                0x080023b4       0xc4 ./Application/User/main.o
                0x080023b4                SystemClock_Config
 .text.MX_GPIO_Init
                0x08002478      0x128 ./Application/User/main.o
 .text.Error_Handler
                0x080025a0        0xc ./Application/User/main.o
                0x080025a0                Error_Handler
 .text._Error_Handler
                0x080025ac        0xe ./Application/User/nfc_conf.o
                0x080025ac                _Error_Handler
 *fill*         0x080025ba        0x2 
 .text.HAL_MspInit
                0x080025bc       0x48 ./Application/User/stm32l4xx_hal_msp.o
                0x080025bc                HAL_MspInit
 .text.NMI_Handler
                0x08002604        0x8 ./Application/User/stm32l4xx_it.o
                0x08002604                NMI_Handler
 .text.HardFault_Handler
                0x0800260c        0x8 ./Application/User/stm32l4xx_it.o
                0x0800260c                HardFault_Handler
 .text.MemManage_Handler
                0x08002614        0x8 ./Application/User/stm32l4xx_it.o
                0x08002614                MemManage_Handler
 .text.BusFault_Handler
                0x0800261c        0x8 ./Application/User/stm32l4xx_it.o
                0x0800261c                BusFault_Handler
 .text.UsageFault_Handler
                0x08002624        0x8 ./Application/User/stm32l4xx_it.o
                0x08002624                UsageFault_Handler
 .text.SVC_Handler
                0x0800262c        0xe ./Application/User/stm32l4xx_it.o
                0x0800262c                SVC_Handler
 .text.DebugMon_Handler
                0x0800263a        0xe ./Application/User/stm32l4xx_it.o
                0x0800263a                DebugMon_Handler
 .text.PendSV_Handler
                0x08002648        0xe ./Application/User/stm32l4xx_it.o
                0x08002648                PendSV_Handler
 .text.SysTick_Handler
                0x08002656        0xc ./Application/User/stm32l4xx_it.o
                0x08002656                SysTick_Handler
 *fill*         0x08002662        0x2 
 .text.EXTI0_IRQHandler
                0x08002664       0x14 ./Application/User/stm32l4xx_it.o
                0x08002664                EXTI0_IRQHandler
 .text.BSP_PB_Init
                0x08002678       0xa8 ./Application/User/stm32l4xx_nucleo.o
                0x08002678                BSP_PB_Init
 .text.BSP_PB_Callback
                0x08002720       0x16 ./Application/User/stm32l4xx_nucleo.o
                0x08002720                BSP_PB_Callback
 .text.BUTTON_USER_EXTI_Callback
                0x08002736        0xe ./Application/User/stm32l4xx_nucleo.o
 .text.BUTTON_USER_GPIO_Init
                0x08002744       0x74 ./Application/User/stm32l4xx_nucleo.o
 .text.BSP_COM_Init
                0x080027b8       0x7c ./Application/User/stm32l4xx_nucleo.o
                0x080027b8                BSP_COM_Init
 .text.MX_USART2_UART_Init
                0x08002834       0x68 ./Application/User/stm32l4xx_nucleo.o
                0x08002834                MX_USART2_UART_Init
 .text.USART2_MspInit
                0x0800289c       0xbc ./Application/User/stm32l4xx_nucleo.o
 .text.BSP_SPI1_Init
                0x08002958       0x60 ./Application/User/stm32l4xx_nucleo_bus.o
                0x08002958                BSP_SPI1_Init
 .text.BSP_GetTick
                0x080029b8        0xe ./Application/User/stm32l4xx_nucleo_bus.o
                0x080029b8                BSP_GetTick
 *fill*         0x080029c6        0x2 
 .text.MX_SPI1_Init
                0x080029c8       0x84 ./Application/User/stm32l4xx_nucleo_bus.o
                0x080029c8                MX_SPI1_Init
 .text.SPI1_MspInit
                0x08002a4c       0xac ./Application/User/stm32l4xx_nucleo_bus.o
 .text._sbrk    0x08002af8       0x6c ./Application/User/sysmem.o
                0x08002af8                _sbrk
 .text.timerCalcDiff
                0x08002b64       0x24 ./Application/User/timer.o
 .text.timerCalculateTimer
                0x08002b88       0x1c ./Application/User/timer.o
                0x08002b88                timerCalculateTimer
 .text.timerIsExpired
                0x08002ba4       0x1c ./Application/User/timer.o
                0x08002ba4                timerIsExpired
 .text.timerGetRemaining
                0x08002bc0       0x26 ./Application/User/timer.o
                0x08002bc0                timerGetRemaining
 *fill*         0x08002be6        0x2 
 .text.rfalInitialize
                0x08002be8       0xdc ./Drivers/BSP/Components/rfal_rfst25r500.o
                0x08002be8                rfalInitialize
 .text.rfalCalibrate
                0x08002cc4       0x20 ./Drivers/BSP/Components/rfal_rfst25r500.o
                0x08002cc4                rfalCalibrate
 .text.rfalAdjustRegulators
                0x08002ce4       0x42 ./Drivers/BSP/Components/rfal_rfst25r500.o
                0x08002ce4                rfalAdjustRegulators
 *fill*         0x08002d26        0x2 
 .text.rfalSetMode
                0x08002d28      0x25c ./Drivers/BSP/Components/rfal_rfst25r500.o
                0x08002d28                rfalSetMode
 .text.rfalSetBitRate
                0x08002f84      0x474 ./Drivers/BSP/Components/rfal_rfst25r500.o
                0x08002f84                rfalSetBitRate
 .text.rfalGetBitRate
                0x080033f8       0x4c ./Drivers/BSP/Components/rfal_rfst25r500.o
                0x080033f8                rfalGetBitRate
 .text.rfalSetErrorHandling
                0x08003444       0x40 ./Drivers/BSP/Components/rfal_rfst25r500.o
                0x08003444                rfalSetErrorHandling
 .text.rfalSetFDTPoll
                0x08003484       0x2c ./Drivers/BSP/Components/rfal_rfst25r500.o
                0x08003484                rfalSetFDTPoll
 .text.rfalGetFDTPoll
                0x080034b0       0x18 ./Drivers/BSP/Components/rfal_rfst25r500.o
                0x080034b0                rfalGetFDTPoll
 .text.rfalSetFDTListen
                0x080034c8       0x28 ./Drivers/BSP/Components/rfal_rfst25r500.o
                0x080034c8                rfalSetFDTListen
 .text.rfalSetGT
                0x080034f0       0x2c ./Drivers/BSP/Components/rfal_rfst25r500.o
                0x080034f0                rfalSetGT
 .text.rfalIsGTExpired
                0x0800351c       0x30 ./Drivers/BSP/Components/rfal_rfst25r500.o
                0x0800351c                rfalIsGTExpired
 .text.rfalFieldOnAndStartGT
                0x0800354c       0xd0 ./Drivers/BSP/Components/rfal_rfst25r500.o
                0x0800354c                rfalFieldOnAndStartGT
 .text.rfalFieldOff
                0x0800361c       0x38 ./Drivers/BSP/Components/rfal_rfst25r500.o
                0x0800361c                rfalFieldOff
 .text.rfalStartTransceive
                0x08003654      0x1d0 ./Drivers/BSP/Components/rfal_rfst25r500.o
                0x08003654                rfalStartTransceive
 .text.rfalIsTransceiveInTx
                0x08003824       0x30 ./Drivers/BSP/Components/rfal_rfst25r500.o
                0x08003824                rfalIsTransceiveInTx
 .text.rfalIsTransceiveInRx
                0x08003854       0x20 ./Drivers/BSP/Components/rfal_rfst25r500.o
                0x08003854                rfalIsTransceiveInRx
 .text.rfalTransceiveBlockingTx
                0x08003874       0x5e ./Drivers/BSP/Components/rfal_rfst25r500.o
                0x08003874                rfalTransceiveBlockingTx
 .text.rfalTransceiveRunBlockingTx
                0x080038d2       0x3a ./Drivers/BSP/Components/rfal_rfst25r500.o
 .text.rfalTransceiveBlockingRx
                0x0800390c       0x2c ./Drivers/BSP/Components/rfal_rfst25r500.o
                0x0800390c                rfalTransceiveBlockingRx
 .text.rfalTransceiveBlockingTxRx
                0x08003938       0x62 ./Drivers/BSP/Components/rfal_rfst25r500.o
                0x08003938                rfalTransceiveBlockingTxRx
 *fill*         0x0800399a        0x2 
 .text.rfalRunTransceiveWorker
                0x0800399c       0x68 ./Drivers/BSP/Components/rfal_rfst25r500.o
 .text.rfalGetTransceiveStatus
                0x08003a04       0x24 ./Drivers/BSP/Components/rfal_rfst25r500.o
                0x08003a04                rfalGetTransceiveStatus
 .text.rfalWorker
                0x08003a28       0x38 ./Drivers/BSP/Components/rfal_rfst25r500.o
                0x08003a28                rfalWorker
 .text.rfalErrorHandling
                0x08003a60       0x74 ./Drivers/BSP/Components/rfal_rfst25r500.o
 .text.rfalCleanupTransceive
                0x08003ad4       0x40 ./Drivers/BSP/Components/rfal_rfst25r500.o
 .text.rfalPrepareTransceive
                0x08003b14      0x1b8 ./Drivers/BSP/Components/rfal_rfst25r500.o
 .text.rfalTransceiveTx
                0x08003ccc      0x2e0 ./Drivers/BSP/Components/rfal_rfst25r500.o
 .text.rfalTransceiveRx
                0x08003fac      0x4dc ./Drivers/BSP/Components/rfal_rfst25r500.o
 .text.rfalDpoReqAdjust
                0x08004488        0xe ./Drivers/BSP/Components/rfal_rfst25r500.o
 .text.rfalWaitRxOn
                0x08004496       0x36 ./Drivers/BSP/Components/rfal_rfst25r500.o
 .text.rfalFIFOStatusUpdate
                0x080044cc       0x24 ./Drivers/BSP/Components/rfal_rfst25r500.o
 .text.rfalFIFOStatusClear
                0x080044f0       0x1c ./Drivers/BSP/Components/rfal_rfst25r500.o
 .text.rfalFIFOStatusGetNumBytes
                0x0800450c       0x3c ./Drivers/BSP/Components/rfal_rfst25r500.o
 .text.rfalFIFOStatusIsIncompleteByte
                0x08004548       0x24 ./Drivers/BSP/Components/rfal_rfst25r500.o
 .text.rfalFIFOStatusIsMissingPar
                0x0800456c       0x24 ./Drivers/BSP/Components/rfal_rfst25r500.o
 .text.rfalFIFOGetNumIncompleteBits
                0x08004590       0x20 ./Drivers/BSP/Components/rfal_rfst25r500.o
 .text.rfalISO14443ATransceiveShortFrame
                0x080045b0       0xcc ./Drivers/BSP/Components/rfal_rfst25r500.o
                0x080045b0                rfalISO14443ATransceiveShortFrame
 .text.rfalISO14443AStartTransceiveAnticollisionFrame
                0x0800467c      0x144 ./Drivers/BSP/Components/rfal_rfst25r500.o
                0x0800467c                rfalISO14443AStartTransceiveAnticollisionFrame
 .text.rfalISO14443AGetTransceiveAnticollisionFrameStatus
                0x080047c0      0x184 ./Drivers/BSP/Components/rfal_rfst25r500.o
                0x080047c0                rfalISO14443AGetTransceiveAnticollisionFrameStatus
 .text.rfalISO15693TransceiveAnticollisionFrame
                0x08004944      0x14c ./Drivers/BSP/Components/rfal_rfst25r500.o
                0x08004944                rfalISO15693TransceiveAnticollisionFrame
 .text.rfalISO15693TransceiveEOFAnticollision
                0x08004a90       0x40 ./Drivers/BSP/Components/rfal_rfst25r500.o
                0x08004a90                rfalISO15693TransceiveEOFAnticollision
 .text.rfalISO15693TransceiveEOF
                0x08004ad0      0x178 ./Drivers/BSP/Components/rfal_rfst25r500.o
                0x08004ad0                rfalISO15693TransceiveEOF
 .text.rfalStartFeliCaPoll
                0x08004c48      0x10c ./Drivers/BSP/Components/rfal_rfst25r500.o
                0x08004c48                rfalStartFeliCaPoll
 .text.rfalGetFeliCaPollStatus
                0x08004d54      0x160 ./Drivers/BSP/Components/rfal_rfst25r500.o
                0x08004d54                rfalGetFeliCaPollStatus
 .text.rfalIsExtFieldOn
                0x08004eb4       0x14 ./Drivers/BSP/Components/rfal_rfst25r500.o
                0x08004eb4                rfalIsExtFieldOn
 .text.rfalListenStart
                0x08004ec8      0x29c ./Drivers/BSP/Components/rfal_rfst25r500.o
                0x08004ec8                rfalListenStart
 .text.rfalRunListenModeWorker
                0x08005164      0x3c8 ./Drivers/BSP/Components/rfal_rfst25r500.o
 .text.rfalListenStop
                0x0800552c       0x64 ./Drivers/BSP/Components/rfal_rfst25r500.o
                0x0800552c                rfalListenStop
 .text.rfalListenSleepStart
                0x08005590       0xec ./Drivers/BSP/Components/rfal_rfst25r500.o
                0x08005590                rfalListenSleepStart
 .text.rfalListenGetState
                0x0800567c       0x40 ./Drivers/BSP/Components/rfal_rfst25r500.o
                0x0800567c                rfalListenGetState
 .text.rfalListenSetState
                0x080056bc      0x258 ./Drivers/BSP/Components/rfal_rfst25r500.o
                0x080056bc                rfalListenSetState
 .text.rfalWakeUpModeStart
                0x08005914       0x18 ./Drivers/BSP/Components/rfal_rfst25r500.o
                0x08005914                rfalWakeUpModeStart
 .text.rfalWUModeStart
                0x0800592c      0x488 ./Drivers/BSP/Components/rfal_rfst25r500.o
 .text.rfalWakeUpModeHasWoke
                0x08005db4       0x24 ./Drivers/BSP/Components/rfal_rfst25r500.o
                0x08005db4                rfalWakeUpModeHasWoke
 .text.rfalRunWakeUpModeWorker
                0x08005dd8       0xec ./Drivers/BSP/Components/rfal_rfst25r500.o
 .text.rfalWakeUpModeStop
                0x08005ec4       0x74 ./Drivers/BSP/Components/rfal_rfst25r500.o
                0x08005ec4                rfalWakeUpModeStop
 .text.rfalChipChangeRegBits
                0x08005f38       0x44 ./Drivers/BSP/Components/rfal_rfst25r500.o
                0x08005f38                rfalChipChangeRegBits
 .text.rfalChipChangeTestRegBits
                0x08005f7c       0x2a ./Drivers/BSP/Components/rfal_rfst25r500.o
                0x08005f7c                rfalChipChangeTestRegBits
 .text.st25r500ExecuteCommandAndGetResult
                0x08005fa6       0x5c ./Drivers/BSP/Components/st25r500.o
                0x08005fa6                st25r500ExecuteCommandAndGetResult
 *fill*         0x08006002        0x2 
 .text.st25r500Initialize
                0x08006004       0x8c ./Drivers/BSP/Components/st25r500.o
                0x08006004                st25r500Initialize
 .text.st25r500OscOn
                0x08006090       0x64 ./Drivers/BSP/Components/st25r500.o
                0x08006090                st25r500OscOn
 .text.st25r500AdjustRegulators
                0x080060f4       0x6c ./Drivers/BSP/Components/st25r500.o
                0x080060f4                st25r500AdjustRegulators
 .text.st25r500CalibrateWU
                0x08006160       0xaa ./Drivers/BSP/Components/st25r500.o
                0x08006160                st25r500CalibrateWU
 .text.st25r500MeasureWU
                0x0800620a       0x4a ./Drivers/BSP/Components/st25r500.o
                0x0800620a                st25r500MeasureWU
 .text.st25r500SetBitrate
                0x08006254       0x8e ./Drivers/BSP/Components/st25r500.o
                0x08006254                st25r500SetBitrate
 .text.st25r500PerformCollisionAvoidance
                0x080062e2       0xcc ./Drivers/BSP/Components/st25r500.o
                0x080062e2                st25r500PerformCollisionAvoidance
 .text.st25r500SetNumTxBits
                0x080063ae       0x2e ./Drivers/BSP/Components/st25r500.o
                0x080063ae                st25r500SetNumTxBits
 .text.st25r500GetNumFIFOBytes
                0x080063dc       0x42 ./Drivers/BSP/Components/st25r500.o
                0x080063dc                st25r500GetNumFIFOBytes
 .text.st25r500SetMRT
                0x0800641e       0xb4 ./Drivers/BSP/Components/st25r500.o
                0x0800641e                st25r500SetMRT
 *fill*         0x080064d2        0x2 
 .text.st25r500SetNoResponseTime
                0x080064d4       0x7c ./Drivers/BSP/Components/st25r500.o
                0x080064d4                st25r500SetNoResponseTime
 .text.st25r500SetGPTime
                0x08006550       0x2e ./Drivers/BSP/Components/st25r500.o
                0x08006550                st25r500SetGPTime
 .text.st25r500SetStartGPTimer
                0x0800657e       0x3a ./Drivers/BSP/Components/st25r500.o
                0x0800657e                st25r500SetStartGPTimer
 .text.st25r500CheckChipID
                0x080065b8       0x42 ./Drivers/BSP/Components/st25r500.o
                0x080065b8                st25r500CheckChipID
 *fill*         0x080065fa        0x2 
 .text.__NVIC_EnableIRQ
                0x080065fc       0x3c ./Drivers/BSP/Components/st25r500_com.o
 .text.__NVIC_DisableIRQ
                0x08006638       0x48 ./Drivers/BSP/Components/st25r500_com.o
 .text.st25r500comStart
                0x08006680       0x40 ./Drivers/BSP/Components/st25r500_com.o
 .text.st25r500comStop
                0x080066c0       0x34 ./Drivers/BSP/Components/st25r500_com.o
 .text.st25r500comTx
                0x080066f4       0x34 ./Drivers/BSP/Components/st25r500_com.o
 .text.st25r500comRx
                0x08006728       0x62 ./Drivers/BSP/Components/st25r500_com.o
 .text.st25r500comTxByte
                0x0800678a       0x2c ./Drivers/BSP/Components/st25r500_com.o
 .text.st25r500ReadRegister
                0x080067b6       0x22 ./Drivers/BSP/Components/st25r500_com.o
                0x080067b6                st25r500ReadRegister
 .text.st25r500ReadMultipleRegisters
                0x080067d8       0x44 ./Drivers/BSP/Components/st25r500_com.o
                0x080067d8                st25r500ReadMultipleRegisters
 .text.st25r500WriteRegister
                0x0800681c       0x2c ./Drivers/BSP/Components/st25r500_com.o
                0x0800681c                st25r500WriteRegister
 .text.st25r500WriteMultipleRegisters
                0x08006848       0x4e ./Drivers/BSP/Components/st25r500_com.o
                0x08006848                st25r500WriteMultipleRegisters
 .text.st25r500WriteFifo
                0x08006896       0x2e ./Drivers/BSP/Components/st25r500_com.o
                0x08006896                st25r500WriteFifo
 .text.st25r500ReadFifo
                0x080068c4       0x34 ./Drivers/BSP/Components/st25r500_com.o
                0x080068c4                st25r500ReadFifo
 .text.st25r500ExecuteCommand
                0x080068f8       0x30 ./Drivers/BSP/Components/st25r500_com.o
                0x080068f8                st25r500ExecuteCommand
 .text.st25r500ReadTestRegister
                0x08006928       0x42 ./Drivers/BSP/Components/st25r500_com.o
                0x08006928                st25r500ReadTestRegister
 .text.st25r500WriteTestRegister
                0x0800696a       0x4a ./Drivers/BSP/Components/st25r500_com.o
                0x0800696a                st25r500WriteTestRegister
 .text.st25r500WriteMultipleTestRegister
                0x080069b4       0x46 ./Drivers/BSP/Components/st25r500_com.o
                0x080069b4                st25r500WriteMultipleTestRegister
 .text.st25r500ClrRegisterBits
                0x080069fa       0x6e ./Drivers/BSP/Components/st25r500_com.o
                0x080069fa                st25r500ClrRegisterBits
 .text.st25r500SetRegisterBits
                0x08006a68       0x5a ./Drivers/BSP/Components/st25r500_com.o
                0x08006a68                st25r500SetRegisterBits
 .text.st25r500ChangeRegisterBits
                0x08006ac2       0x2e ./Drivers/BSP/Components/st25r500_com.o
                0x08006ac2                st25r500ChangeRegisterBits
 .text.st25r500ModifyRegister
                0x08006af0       0x6a ./Drivers/BSP/Components/st25r500_com.o
                0x08006af0                st25r500ModifyRegister
 .text.st25r500ChangeTestRegisterBits
                0x08006b5a       0x70 ./Drivers/BSP/Components/st25r500_com.o
                0x08006b5a                st25r500ChangeTestRegisterBits
 .text.st25r500CheckReg
                0x08006bca       0x40 ./Drivers/BSP/Components/st25r500_com.o
                0x08006bca                st25r500CheckReg
 .text.st25r500IsRegValid
                0x08006c0a       0x22 ./Drivers/BSP/Components/st25r500_com.o
                0x08006c0a                st25r500IsRegValid
 .text.st25r500ledInit
                0x08006c2c       0x14 ./Drivers/BSP/Components/st25r500_com.o
                0x08006c2c                st25r500ledInit
 .text.st25r500ledEvtIrq
                0x08006c40       0x14 ./Drivers/BSP/Components/st25r500_com.o
                0x08006c40                st25r500ledEvtIrq
 .text.st25r500ledEvtWrReg
                0x08006c54       0x44 ./Drivers/BSP/Components/st25r500_com.o
                0x08006c54                st25r500ledEvtWrReg
 .text.st25r500ledEvtWrMultiReg
                0x08006c98       0x44 ./Drivers/BSP/Components/st25r500_com.o
                0x08006c98                st25r500ledEvtWrMultiReg
 .text.st25r500ledEvtCmd
                0x08006cdc       0x36 ./Drivers/BSP/Components/st25r500_com.o
                0x08006cdc                st25r500ledEvtCmd
 *fill*         0x08006d12        0x2 
 .text.__NVIC_EnableIRQ
                0x08006d14       0x3c ./Drivers/BSP/Components/st25r500_irq.o
 .text.__NVIC_DisableIRQ
                0x08006d50       0x48 ./Drivers/BSP/Components/st25r500_irq.o
 .text.st25r500InitInterrupts
                0x08006d98       0x2c ./Drivers/BSP/Components/st25r500_irq.o
                0x08006d98                st25r500InitInterrupts
 .text.st25r500Isr
                0x08006dc4       0x20 ./Drivers/BSP/Components/st25r500_irq.o
                0x08006dc4                st25r500Isr
 .text.st25r500CheckForReceivedInterrupts
                0x08006de4       0xb8 ./Drivers/BSP/Components/st25r500_irq.o
                0x08006de4                st25r500CheckForReceivedInterrupts
 .text.st25r500ModifyInterrupts
                0x08006e9c       0x88 ./Drivers/BSP/Components/st25r500_irq.o
                0x08006e9c                st25r500ModifyInterrupts
 .text.st25r500WaitForInterruptsTimed
                0x08006f24       0xa8 ./Drivers/BSP/Components/st25r500_irq.o
                0x08006f24                st25r500WaitForInterruptsTimed
 .text.st25r500GetInterrupt
                0x08006fcc       0x78 ./Drivers/BSP/Components/st25r500_irq.o
                0x08006fcc                st25r500GetInterrupt
 .text.st25r500ClearAndEnableInterrupts
                0x08007044       0x1c ./Drivers/BSP/Components/st25r500_irq.o
                0x08007044                st25r500ClearAndEnableInterrupts
 .text.st25r500EnableInterrupts
                0x08007060       0x18 ./Drivers/BSP/Components/st25r500_irq.o
                0x08007060                st25r500EnableInterrupts
 .text.st25r500DisableInterrupts
                0x08007078       0x18 ./Drivers/BSP/Components/st25r500_irq.o
                0x08007078                st25r500DisableInterrupts
 .text.st25r500ClearInterrupts
                0x08007090       0x68 ./Drivers/BSP/Components/st25r500_irq.o
                0x08007090                st25r500ClearInterrupts
 .text.SystemInit
                0x080070f8       0x24 ./Drivers/CMSIS/system_stm32l4xx.o
                0x080070f8                SystemInit
 .text.HAL_Init
                0x0800711c       0x40 ./Drivers/STM32L4xx_HAL_Driver/stm32l4xx_hal.o
                0x0800711c                HAL_Init
 .text.HAL_InitTick
                0x0800715c       0x78 ./Drivers/STM32L4xx_HAL_Driver/stm32l4xx_hal.o
                0x0800715c                HAL_InitTick
 .text.HAL_IncTick
                0x080071d4       0x28 ./Drivers/STM32L4xx_HAL_Driver/stm32l4xx_hal.o
                0x080071d4                HAL_IncTick
 .text.HAL_GetTick
                0x080071fc       0x18 ./Drivers/STM32L4xx_HAL_Driver/stm32l4xx_hal.o
                0x080071fc                HAL_GetTick
 .text.HAL_Delay
                0x08007214       0x48 ./Drivers/STM32L4xx_HAL_Driver/stm32l4xx_hal.o
                0x08007214                HAL_Delay
 .text.__NVIC_SetPriorityGrouping
                0x0800725c       0x48 ./Drivers/STM32L4xx_HAL_Driver/stm32l4xx_hal_cortex.o
 .text.__NVIC_GetPriorityGrouping
                0x080072a4       0x1c ./Drivers/STM32L4xx_HAL_Driver/stm32l4xx_hal_cortex.o
 .text.__NVIC_EnableIRQ
                0x080072c0       0x3c ./Drivers/STM32L4xx_HAL_Driver/stm32l4xx_hal_cortex.o
 .text.__NVIC_SetPriority
                0x080072fc       0x54 ./Drivers/STM32L4xx_HAL_Driver/stm32l4xx_hal_cortex.o
 .text.NVIC_EncodePriority
                0x08007350       0x66 ./Drivers/STM32L4xx_HAL_Driver/stm32l4xx_hal_cortex.o
 *fill*         0x080073b6        0x2 
 .text.SysTick_Config
                0x080073b8       0x44 ./Drivers/STM32L4xx_HAL_Driver/stm32l4xx_hal_cortex.o
 .text.HAL_NVIC_SetPriorityGrouping
                0x080073fc       0x16 ./Drivers/STM32L4xx_HAL_Driver/stm32l4xx_hal_cortex.o
                0x080073fc                HAL_NVIC_SetPriorityGrouping
 .text.HAL_NVIC_SetPriority
                0x08007412       0x38 ./Drivers/STM32L4xx_HAL_Driver/stm32l4xx_hal_cortex.o
                0x08007412                HAL_NVIC_SetPriority
 .text.HAL_NVIC_EnableIRQ
                0x0800744a       0x1c ./Drivers/STM32L4xx_HAL_Driver/stm32l4xx_hal_cortex.o
                0x0800744a                HAL_NVIC_EnableIRQ
 .text.HAL_SYSTICK_Config
                0x08007466       0x18 ./Drivers/STM32L4xx_HAL_Driver/stm32l4xx_hal_cortex.o
                0x08007466                HAL_SYSTICK_Config
 .text.HAL_EXTI_RegisterCallback
                0x0800747e       0x34 ./Drivers/STM32L4xx_HAL_Driver/stm32l4xx_hal_exti.o
                0x0800747e                HAL_EXTI_RegisterCallback
 .text.HAL_EXTI_GetHandle
                0x080074b2       0x28 ./Drivers/STM32L4xx_HAL_Driver/stm32l4xx_hal_exti.o
                0x080074b2                HAL_EXTI_GetHandle
 *fill*         0x080074da        0x2 
 .text.HAL_EXTI_IRQHandler
                0x080074dc       0x60 ./Drivers/STM32L4xx_HAL_Driver/stm32l4xx_hal_exti.o
                0x080074dc                HAL_EXTI_IRQHandler
 .text.HAL_GPIO_Init
                0x0800753c      0x354 ./Drivers/STM32L4xx_HAL_Driver/stm32l4xx_hal_gpio.o
                0x0800753c                HAL_GPIO_Init
 .text.HAL_GPIO_ReadPin
                0x08007890       0x30 ./Drivers/STM32L4xx_HAL_Driver/stm32l4xx_hal_gpio.o
                0x08007890                HAL_GPIO_ReadPin
 .text.HAL_GPIO_WritePin
                0x080078c0       0x30 ./Drivers/STM32L4xx_HAL_Driver/stm32l4xx_hal_gpio.o
                0x080078c0                HAL_GPIO_WritePin
 .text.HAL_GPIO_TogglePin
                0x080078f0       0x34 ./Drivers/STM32L4xx_HAL_Driver/stm32l4xx_hal_gpio.o
                0x080078f0                HAL_GPIO_TogglePin
 .text.HAL_PWR_EnableBkUpAccess
                0x08007924       0x20 ./Drivers/STM32L4xx_HAL_Driver/stm32l4xx_hal_pwr.o
                0x08007924                HAL_PWR_EnableBkUpAccess
 .text.HAL_PWREx_GetVoltageRange
                0x08007944       0x1c ./Drivers/STM32L4xx_HAL_Driver/stm32l4xx_hal_pwr_ex.o
                0x08007944                HAL_PWREx_GetVoltageRange
 .text.HAL_PWREx_ControlVoltageScaling
                0x08007960       0xac ./Drivers/STM32L4xx_HAL_Driver/stm32l4xx_hal_pwr_ex.o
                0x08007960                HAL_PWREx_ControlVoltageScaling
 .text.HAL_RCC_OscConfig
                0x08007a0c      0x7b8 ./Drivers/STM32L4xx_HAL_Driver/stm32l4xx_hal_rcc.o
                0x08007a0c                HAL_RCC_OscConfig
 .text.HAL_RCC_ClockConfig
                0x080081c4      0x200 ./Drivers/STM32L4xx_HAL_Driver/stm32l4xx_hal_rcc.o
                0x080081c4                HAL_RCC_ClockConfig
 .text.HAL_RCC_GetSysClockFreq
                0x080083c4      0x118 ./Drivers/STM32L4xx_HAL_Driver/stm32l4xx_hal_rcc.o
                0x080083c4                HAL_RCC_GetSysClockFreq
 .text.HAL_RCC_GetHCLKFreq
                0x080084dc       0x18 ./Drivers/STM32L4xx_HAL_Driver/stm32l4xx_hal_rcc.o
                0x080084dc                HAL_RCC_GetHCLKFreq
 .text.HAL_RCC_GetPCLK1Freq
                0x080084f4       0x2c ./Drivers/STM32L4xx_HAL_Driver/stm32l4xx_hal_rcc.o
                0x080084f4                HAL_RCC_GetPCLK1Freq
 .text.HAL_RCC_GetPCLK2Freq
                0x08008520       0x2c ./Drivers/STM32L4xx_HAL_Driver/stm32l4xx_hal_rcc.o
                0x08008520                HAL_RCC_GetPCLK2Freq
 .text.RCC_SetFlashLatencyFromMSIRange
                0x0800854c       0xc0 ./Drivers/STM32L4xx_HAL_Driver/stm32l4xx_hal_rcc.o
 .text.HAL_RCCEx_PeriphCLKConfig
                0x0800860c      0x5d4 ./Drivers/STM32L4xx_HAL_Driver/stm32l4xx_hal_rcc_ex.o
                0x0800860c                HAL_RCCEx_PeriphCLKConfig
 .text.HAL_RCCEx_EnableMSIPLLMode
                0x08008be0       0x20 ./Drivers/STM32L4xx_HAL_Driver/stm32l4xx_hal_rcc_ex.o
                0x08008be0                HAL_RCCEx_EnableMSIPLLMode
 .text.RCCEx_PLLSAI1_Config
                0x08008c00      0x1e8 ./Drivers/STM32L4xx_HAL_Driver/stm32l4xx_hal_rcc_ex.o
 .text.RCCEx_PLLSAI2_Config
                0x08008de8      0x1bc ./Drivers/STM32L4xx_HAL_Driver/stm32l4xx_hal_rcc_ex.o
 .text.HAL_SPI_Init
                0x08008fa4      0x146 ./Drivers/STM32L4xx_HAL_Driver/stm32l4xx_hal_spi.o
                0x08008fa4                HAL_SPI_Init
 .text.HAL_SPI_MspInit
                0x080090ea       0x14 ./Drivers/STM32L4xx_HAL_Driver/stm32l4xx_hal_spi.o
                0x080090ea                HAL_SPI_MspInit
 .text.HAL_SPI_Transmit
                0x080090fe      0x2ec ./Drivers/STM32L4xx_HAL_Driver/stm32l4xx_hal_spi.o
                0x080090fe                HAL_SPI_Transmit
 .text.HAL_SPI_Receive
                0x080093ea      0x270 ./Drivers/STM32L4xx_HAL_Driver/stm32l4xx_hal_spi.o
                0x080093ea                HAL_SPI_Receive
 .text.HAL_SPI_TransmitReceive
                0x0800965a      0x43e ./Drivers/STM32L4xx_HAL_Driver/stm32l4xx_hal_spi.o
                0x0800965a                HAL_SPI_TransmitReceive
 .text.HAL_SPI_GetState
                0x08009a98       0x1c ./Drivers/STM32L4xx_HAL_Driver/stm32l4xx_hal_spi.o
                0x08009a98                HAL_SPI_GetState
 .text.SPI_WaitFlagStateUntilTimeout
                0x08009ab4      0x110 ./Drivers/STM32L4xx_HAL_Driver/stm32l4xx_hal_spi.o
 .text.SPI_WaitFifoStateUntilTimeout
                0x08009bc4      0x12c ./Drivers/STM32L4xx_HAL_Driver/stm32l4xx_hal_spi.o
 .text.SPI_EndRxTransaction
                0x08009cf0       0xb0 ./Drivers/STM32L4xx_HAL_Driver/stm32l4xx_hal_spi.o
 .text.SPI_EndRxTxTransaction
                0x08009da0       0x8c ./Drivers/STM32L4xx_HAL_Driver/stm32l4xx_hal_spi.o
 .text.HAL_UART_Init
                0x08009e2c       0x9c ./Drivers/STM32L4xx_HAL_Driver/stm32l4xx_hal_uart.o
                0x08009e2c                HAL_UART_Init
 .text.HAL_UART_MspInit
                0x08009ec8       0x14 ./Drivers/STM32L4xx_HAL_Driver/stm32l4xx_hal_uart.o
                0x08009ec8                HAL_UART_MspInit
 .text.HAL_UART_Transmit
                0x08009edc      0x112 ./Drivers/STM32L4xx_HAL_Driver/stm32l4xx_hal_uart.o
                0x08009edc                HAL_UART_Transmit
 *fill*         0x08009fee        0x2 
 .text.UART_SetConfig
                0x08009ff0      0x570 ./Drivers/STM32L4xx_HAL_Driver/stm32l4xx_hal_uart.o
                0x08009ff0                UART_SetConfig
 .text.UART_AdvFeatureConfig
                0x0800a560      0x144 ./Drivers/STM32L4xx_HAL_Driver/stm32l4xx_hal_uart.o
                0x0800a560                UART_AdvFeatureConfig
 .text.UART_CheckIdleState
                0x0800a6a4      0x150 ./Drivers/STM32L4xx_HAL_Driver/stm32l4xx_hal_uart.o
                0x0800a6a4                UART_CheckIdleState
 .text.UART_WaitOnFlagUntilTimeout
                0x0800a7f4       0xda ./Drivers/STM32L4xx_HAL_Driver/stm32l4xx_hal_uart.o
                0x0800a7f4                UART_WaitOnFlagUntilTimeout
 .text.UART_EndRxTransfer
                0x0800a8ce       0xc8 ./Drivers/STM32L4xx_HAL_Driver/stm32l4xx_hal_uart.o
 *fill*         0x0800a996        0x2 
 .text.rfalAnalogConfigInitialize
                0x0800a998       0x2c ./Middlewares/X-CUBE-NFC12/Wireless/MID_LIB_NFC12/RFAL/Default_Config/rfal_analogConfig.o
                0x0800a998                rfalAnalogConfigInitialize
 .text.rfalAnalogConfigIsReady
                0x0800a9c4       0x18 ./Middlewares/X-CUBE-NFC12/Wireless/MID_LIB_NFC12/RFAL/Default_Config/rfal_analogConfig.o
                0x0800a9c4                rfalAnalogConfigIsReady
 .text.rfalSetAnalogConfig
                0x0800a9dc      0x148 ./Middlewares/X-CUBE-NFC12/Wireless/MID_LIB_NFC12/RFAL/Default_Config/rfal_analogConfig.o
                0x0800a9dc                rfalSetAnalogConfig
 .text.rfalAnalogConfigSearch
                0x0800ab24       0xe4 ./Middlewares/X-CUBE-NFC12/Wireless/MID_LIB_NFC12/RFAL/Default_Config/rfal_analogConfig.o
 .text.rfalIsoDepClearCounters
                0x0800ac08       0x30 ./Middlewares/X-CUBE-NFC12/Wireless/MID_LIB_NFC12/RFAL/Default_Config/rfal_isoDep.o
 .text.rfalIsoDepTx
                0x0800ac38      0x158 ./Middlewares/X-CUBE-NFC12/Wireless/MID_LIB_NFC12/RFAL/Default_Config/rfal_isoDep.o
 .text.rfalIsoDepHandleControlMsg
                0x0800ad90      0x188 ./Middlewares/X-CUBE-NFC12/Wireless/MID_LIB_NFC12/RFAL/Default_Config/rfal_isoDep.o
 .text.rfalIsoDepReSendControlMsg
                0x0800af18       0xb4 ./Middlewares/X-CUBE-NFC12/Wireless/MID_LIB_NFC12/RFAL/Default_Config/rfal_isoDep.o
 .text.rfalIsoDepInitialize
                0x0800afcc       0xf0 ./Middlewares/X-CUBE-NFC12/Wireless/MID_LIB_NFC12/RFAL/Default_Config/rfal_isoDep.o
                0x0800afcc                rfalIsoDepInitialize
 .text.rfalIsoDepInitializeWithParams
                0x0800b0bc       0x68 ./Middlewares/X-CUBE-NFC12/Wireless/MID_LIB_NFC12/RFAL/Default_Config/rfal_isoDep.o
                0x0800b0bc                rfalIsoDepInitializeWithParams
 .text.rfalIsoDepDataExchangePCD
                0x0800b124      0x518 ./Middlewares/X-CUBE-NFC12/Wireless/MID_LIB_NFC12/RFAL/Default_Config/rfal_isoDep.o
 .text.rfalIsoDepStartDeselect
                0x0800b63c       0x40 ./Middlewares/X-CUBE-NFC12/Wireless/MID_LIB_NFC12/RFAL/Default_Config/rfal_isoDep.o
                0x0800b63c                rfalIsoDepStartDeselect
 .text.rfalIsoDepGetDeselectStatus
                0x0800b67c       0x34 ./Middlewares/X-CUBE-NFC12/Wireless/MID_LIB_NFC12/RFAL/Default_Config/rfal_isoDep.o
                0x0800b67c                rfalIsoDepGetDeselectStatus
 .text.rfalIsoDepFWI2FWT
                0x0800b6b0       0x40 ./Middlewares/X-CUBE-NFC12/Wireless/MID_LIB_NFC12/RFAL/Default_Config/rfal_isoDep.o
                0x0800b6b0                rfalIsoDepFWI2FWT
 .text.rfalIsoDepFSxI2FSx
                0x0800b6f0       0xe0 ./Middlewares/X-CUBE-NFC12/Wireless/MID_LIB_NFC12/RFAL/Default_Config/rfal_isoDep.o
                0x0800b6f0                rfalIsoDepFSxI2FSx
 .text.rfalIsoDepIsRats
                0x0800b7d0       0x32 ./Middlewares/X-CUBE-NFC12/Wireless/MID_LIB_NFC12/RFAL/Default_Config/rfal_isoDep.o
                0x0800b7d0                rfalIsoDepIsRats
 *fill*         0x0800b802        0x2 
 .text.rfalIsoDepListenStartActivation
                0x0800b804      0x2a0 ./Middlewares/X-CUBE-NFC12/Wireless/MID_LIB_NFC12/RFAL/Default_Config/rfal_isoDep.o
                0x0800b804                rfalIsoDepListenStartActivation
 .text.rfalIsoDepListenGetActivationStatus
                0x0800baa4      0x28c ./Middlewares/X-CUBE-NFC12/Wireless/MID_LIB_NFC12/RFAL/Default_Config/rfal_isoDep.o
                0x0800baa4                rfalIsoDepListenGetActivationStatus
 .text.rfalIsoDepGetMaxInfLen
                0x0800bd30       0x50 ./Middlewares/X-CUBE-NFC12/Wireless/MID_LIB_NFC12/RFAL/Default_Config/rfal_isoDep.o
                0x0800bd30                rfalIsoDepGetMaxInfLen
 .text.rfalIsoDepStartTransceive
                0x0800bd80       0xd8 ./Middlewares/X-CUBE-NFC12/Wireless/MID_LIB_NFC12/RFAL/Default_Config/rfal_isoDep.o
                0x0800bd80                rfalIsoDepStartTransceive
 .text.rfalIsoDepGetTransceiveStatus
                0x0800be58       0x30 ./Middlewares/X-CUBE-NFC12/Wireless/MID_LIB_NFC12/RFAL/Default_Config/rfal_isoDep.o
                0x0800be58                rfalIsoDepGetTransceiveStatus
 .text.rfalIsoDepDataExchangePICC
                0x0800be88      0x7ec ./Middlewares/X-CUBE-NFC12/Wireless/MID_LIB_NFC12/RFAL/Default_Config/rfal_isoDep.o
 .text.rfalIsoDepStartRATS
                0x0800c674       0x90 ./Middlewares/X-CUBE-NFC12/Wireless/MID_LIB_NFC12/RFAL/Default_Config/rfal_isoDep.o
 .text.rfalIsoDepGetRATSStatus
                0x0800c704       0x80 ./Middlewares/X-CUBE-NFC12/Wireless/MID_LIB_NFC12/RFAL/Default_Config/rfal_isoDep.o
 .text.rfalIsoDepStartPPS
                0x0800c784       0xb8 ./Middlewares/X-CUBE-NFC12/Wireless/MID_LIB_NFC12/RFAL/Default_Config/rfal_isoDep.o
 .text.rfalIsoDepGetPPSSTatus
                0x0800c83c       0x4c ./Middlewares/X-CUBE-NFC12/Wireless/MID_LIB_NFC12/RFAL/Default_Config/rfal_isoDep.o
 .text.rfalIsoDepStartATTRIB
                0x0800c888      0x144 ./Middlewares/X-CUBE-NFC12/Wireless/MID_LIB_NFC12/RFAL/Default_Config/rfal_isoDep.o
 .text.rfalIsoDepGetATTRIBStatus
                0x0800c9cc       0x6c ./Middlewares/X-CUBE-NFC12/Wireless/MID_LIB_NFC12/RFAL/Default_Config/rfal_isoDep.o
 .text.rfalIsoDepPollAStartActivation
                0x0800ca38       0x6c ./Middlewares/X-CUBE-NFC12/Wireless/MID_LIB_NFC12/RFAL/Default_Config/rfal_isoDep.o
                0x0800ca38                rfalIsoDepPollAStartActivation
 .text.rfalIsoDepPollAGetActivationStatus
                0x0800caa4      0x3a0 ./Middlewares/X-CUBE-NFC12/Wireless/MID_LIB_NFC12/RFAL/Default_Config/rfal_isoDep.o
                0x0800caa4                rfalIsoDepPollAGetActivationStatus
 .text.rfalIsoDepPollBStartActivation
                0x0800ce44      0x1cc ./Middlewares/X-CUBE-NFC12/Wireless/MID_LIB_NFC12/RFAL/Default_Config/rfal_isoDep.o
                0x0800ce44                rfalIsoDepPollBStartActivation
 .text.rfalIsoDepPollBGetActivationStatus
                0x0800d010       0xc8 ./Middlewares/X-CUBE-NFC12/Wireless/MID_LIB_NFC12/RFAL/Default_Config/rfal_isoDep.o
                0x0800d010                rfalIsoDepPollBGetActivationStatus
 .text.rfalIsoDepCalcBitRate
                0x0800d0d8      0x15c ./Middlewares/X-CUBE-NFC12/Wireless/MID_LIB_NFC12/RFAL/Default_Config/rfal_isoDep.o
 .text.rfalIsoDepSFGI2SFGT
                0x0800d234       0x50 ./Middlewares/X-CUBE-NFC12/Wireless/MID_LIB_NFC12/RFAL/Default_Config/rfal_isoDep.o
 .text.rfalIsoDepApdu2IBLockParam
                0x0800d284       0x90 ./Middlewares/X-CUBE-NFC12/Wireless/MID_LIB_NFC12/RFAL/Default_Config/rfal_isoDep.o
 .text.rfalIsoDepStartApduTransceive
                0x0800d314       0xac ./Middlewares/X-CUBE-NFC12/Wireless/MID_LIB_NFC12/RFAL/Default_Config/rfal_isoDep.o
                0x0800d314                rfalIsoDepStartApduTransceive
 .text.rfalIsoDepGetApduTransceiveStatus
                0x0800d3c0      0x15c ./Middlewares/X-CUBE-NFC12/Wireless/MID_LIB_NFC12/RFAL/Default_Config/rfal_isoDep.o
                0x0800d3c0                rfalIsoDepGetApduTransceiveStatus
 .text.rfalNfcInitialize
                0x0800d51c       0x54 ./Middlewares/X-CUBE-NFC12/Wireless/MID_LIB_NFC12/RFAL/Default_Config/rfal_nfc.o
                0x0800d51c                rfalNfcInitialize
 .text.rfalNfcDiscover
                0x0800d570      0x16c ./Middlewares/X-CUBE-NFC12/Wireless/MID_LIB_NFC12/RFAL/Default_Config/rfal_nfc.o
                0x0800d570                rfalNfcDiscover
 .text.rfalNfcDeactivate
                0x0800d6dc       0x9c ./Middlewares/X-CUBE-NFC12/Wireless/MID_LIB_NFC12/RFAL/Default_Config/rfal_nfc.o
                0x0800d6dc                rfalNfcDeactivate
 .text.rfalNfcSelect
                0x0800d778       0x3c ./Middlewares/X-CUBE-NFC12/Wireless/MID_LIB_NFC12/RFAL/Default_Config/rfal_nfc.o
                0x0800d778                rfalNfcSelect
 .text.rfalNfcGetState
                0x0800d7b4       0x18 ./Middlewares/X-CUBE-NFC12/Wireless/MID_LIB_NFC12/RFAL/Default_Config/rfal_nfc.o
                0x0800d7b4                rfalNfcGetState
 .text.rfalNfcGetDevicesFound
                0x0800d7cc       0x4c ./Middlewares/X-CUBE-NFC12/Wireless/MID_LIB_NFC12/RFAL/Default_Config/rfal_nfc.o
                0x0800d7cc                rfalNfcGetDevicesFound
 .text.rfalNfcGetActiveDevice
                0x0800d818       0x50 ./Middlewares/X-CUBE-NFC12/Wireless/MID_LIB_NFC12/RFAL/Default_Config/rfal_nfc.o
                0x0800d818                rfalNfcGetActiveDevice
 .text.rfalNfcWorker
                0x0800d868      0x550 ./Middlewares/X-CUBE-NFC12/Wireless/MID_LIB_NFC12/RFAL/Default_Config/rfal_nfc.o
                0x0800d868                rfalNfcWorker
 .text.rfalNfcDataExchangeStart
                0x0800ddb8      0x294 ./Middlewares/X-CUBE-NFC12/Wireless/MID_LIB_NFC12/RFAL/Default_Config/rfal_nfc.o
                0x0800ddb8                rfalNfcDataExchangeStart
 .text.rfalNfcDataExchangeGetStatus
                0x0800e04c      0x108 ./Middlewares/X-CUBE-NFC12/Wireless/MID_LIB_NFC12/RFAL/Default_Config/rfal_nfc.o
                0x0800e04c                rfalNfcDataExchangeGetStatus
 .text.rfalNfcPollTechDetection
                0x0800e154      0x5e4 ./Middlewares/X-CUBE-NFC12/Wireless/MID_LIB_NFC12/RFAL/Default_Config/rfal_nfc.o
 .text.rfalNfcPollCollResolution
                0x0800e738      0x8c0 ./Middlewares/X-CUBE-NFC12/Wireless/MID_LIB_NFC12/RFAL/Default_Config/rfal_nfc.o
 .text.rfalNfcPollActivation
                0x0800eff8      0x82c ./Middlewares/X-CUBE-NFC12/Wireless/MID_LIB_NFC12/RFAL/Default_Config/rfal_nfc.o
 .text.rfalNfcListenActivation
                0x0800f824      0x3c8 ./Middlewares/X-CUBE-NFC12/Wireless/MID_LIB_NFC12/RFAL/Default_Config/rfal_nfc.o
 .text.rfalNfcNfcDepActivate
                0x0800fbec      0x1a8 ./Middlewares/X-CUBE-NFC12/Wireless/MID_LIB_NFC12/RFAL/Default_Config/rfal_nfc.o
 .text.rfalNfcDeactivation
                0x0800fd94      0x1a8 ./Middlewares/X-CUBE-NFC12/Wireless/MID_LIB_NFC12/RFAL/Default_Config/rfal_nfc.o
 .text.nfcipDxIsSupported
                0x0800ff3c       0x46 ./Middlewares/X-CUBE-NFC12/Wireless/MID_LIB_NFC12/RFAL/Default_Config/rfal_nfcDep.o
 *fill*         0x0800ff82        0x2 
 .text.nfcipTxRx
                0x0800ff84       0x90 ./Middlewares/X-CUBE-NFC12/Wireless/MID_LIB_NFC12/RFAL/Default_Config/rfal_nfcDep.o
 .text.nfcipDEPControlMsg
                0x08010014       0xc0 ./Middlewares/X-CUBE-NFC12/Wireless/MID_LIB_NFC12/RFAL/Default_Config/rfal_nfcDep.o
 .text.nfcipClearCounters
                0x080100d4       0x3c ./Middlewares/X-CUBE-NFC12/Wireless/MID_LIB_NFC12/RFAL/Default_Config/rfal_nfcDep.o
 .text.nfcipInitiatorHandleDEP
                0x08010110      0x58c ./Middlewares/X-CUBE-NFC12/Wireless/MID_LIB_NFC12/RFAL/Default_Config/rfal_nfcDep.o
 .text.nfcipTargetHandleRX
                0x0801069c      0x894 ./Middlewares/X-CUBE-NFC12/Wireless/MID_LIB_NFC12/RFAL/Default_Config/rfal_nfcDep.o
 .text.nfcipTx  0x08010f30      0x31c ./Middlewares/X-CUBE-NFC12/Wireless/MID_LIB_NFC12/RFAL/Default_Config/rfal_nfcDep.o
 .text.nfcipConfig
                0x0801124c       0x84 ./Middlewares/X-CUBE-NFC12/Wireless/MID_LIB_NFC12/RFAL/Default_Config/rfal_nfcDep.o
 .text.nfcipRun
                0x080112d0      0x26c ./Middlewares/X-CUBE-NFC12/Wireless/MID_LIB_NFC12/RFAL/Default_Config/rfal_nfcDep.o
 .text.rfalNfcDepInitialize
                0x0801153c       0xd4 ./Middlewares/X-CUBE-NFC12/Wireless/MID_LIB_NFC12/RFAL/Default_Config/rfal_nfcDep.o
                0x0801153c                rfalNfcDepInitialize
 .text.nfcipSetDEPParams
                0x08011610       0xd0 ./Middlewares/X-CUBE-NFC12/Wireless/MID_LIB_NFC12/RFAL/Default_Config/rfal_nfcDep.o
 .text.rfalNfcDepIsAtrReq
                0x080116e0       0x6c ./Middlewares/X-CUBE-NFC12/Wireless/MID_LIB_NFC12/RFAL/Default_Config/rfal_nfcDep.o
                0x080116e0                rfalNfcDepIsAtrReq
 .text.nfcipTargetHandleActivation
                0x0801174c      0x210 ./Middlewares/X-CUBE-NFC12/Wireless/MID_LIB_NFC12/RFAL/Default_Config/rfal_nfcDep.o
 .text.rfalNfcDepATR
                0x0801195c      0x1bc ./Middlewares/X-CUBE-NFC12/Wireless/MID_LIB_NFC12/RFAL/Default_Config/rfal_nfcDep.o
                0x0801195c                rfalNfcDepATR
 .text.rfalNfcDepPSL
                0x08011b18       0xec ./Middlewares/X-CUBE-NFC12/Wireless/MID_LIB_NFC12/RFAL/Default_Config/rfal_nfcDep.o
                0x08011b18                rfalNfcDepPSL
 .text.rfalNfcDepDSL
                0x08011c04       0xc4 ./Middlewares/X-CUBE-NFC12/Wireless/MID_LIB_NFC12/RFAL/Default_Config/rfal_nfcDep.o
                0x08011c04                rfalNfcDepDSL
 .text.rfalNfcDepRLS
                0x08011cc8       0xc4 ./Middlewares/X-CUBE-NFC12/Wireless/MID_LIB_NFC12/RFAL/Default_Config/rfal_nfcDep.o
                0x08011cc8                rfalNfcDepRLS
 .text.rfalNfcDepInitiatorHandleActivation
                0x08011d8c      0x1f0 ./Middlewares/X-CUBE-NFC12/Wireless/MID_LIB_NFC12/RFAL/Default_Config/rfal_nfcDep.o
                0x08011d8c                rfalNfcDepInitiatorHandleActivation
 .text.rfalNfcDepCalculateRWT
                0x08011f7c       0x2e ./Middlewares/X-CUBE-NFC12/Wireless/MID_LIB_NFC12/RFAL/Default_Config/rfal_nfcDep.o
                0x08011f7c                rfalNfcDepCalculateRWT
 *fill*         0x08011faa        0x2 
 .text.nfcipDataTx
                0x08011fac       0x40 ./Middlewares/X-CUBE-NFC12/Wireless/MID_LIB_NFC12/RFAL/Default_Config/rfal_nfcDep.o
 .text.nfcipDataRx
                0x08011fec       0x88 ./Middlewares/X-CUBE-NFC12/Wireless/MID_LIB_NFC12/RFAL/Default_Config/rfal_nfcDep.o
 .text.rfalNfcDepListenStartActivation
                0x08012074      0x230 ./Middlewares/X-CUBE-NFC12/Wireless/MID_LIB_NFC12/RFAL/Default_Config/rfal_nfcDep.o
                0x08012074                rfalNfcDepListenStartActivation
 .text.rfalNfcDepListenGetActivationStatus
                0x080122a4       0xcc ./Middlewares/X-CUBE-NFC12/Wireless/MID_LIB_NFC12/RFAL/Default_Config/rfal_nfcDep.o
                0x080122a4                rfalNfcDepListenGetActivationStatus
 .text.rfalNfcDepStartTransceive
                0x08012370       0x6c ./Middlewares/X-CUBE-NFC12/Wireless/MID_LIB_NFC12/RFAL/Default_Config/rfal_nfcDep.o
                0x08012370                rfalNfcDepStartTransceive
 .text.rfalNfcDepGetTransceiveStatus
                0x080123dc       0x20 ./Middlewares/X-CUBE-NFC12/Wireless/MID_LIB_NFC12/RFAL/Default_Config/rfal_nfcDep.o
                0x080123dc                rfalNfcDepGetTransceiveStatus
 .text.rfalNfcDepPdu2BLockParam
                0x080123fc       0xa0 ./Middlewares/X-CUBE-NFC12/Wireless/MID_LIB_NFC12/RFAL/Default_Config/rfal_nfcDep.o
 .text.rfalNfcDepStartPduTransceive
                0x0801249c       0x80 ./Middlewares/X-CUBE-NFC12/Wireless/MID_LIB_NFC12/RFAL/Default_Config/rfal_nfcDep.o
                0x0801249c                rfalNfcDepStartPduTransceive
 .text.rfalNfcDepGetPduTransceiveStatus
                0x0801251c      0x150 ./Middlewares/X-CUBE-NFC12/Wireless/MID_LIB_NFC12/RFAL/Default_Config/rfal_nfcDep.o
                0x0801251c                rfalNfcDepGetPduTransceiveStatus
 .text.rfalNfcaCalculateBcc
                0x0801266c       0x40 ./Middlewares/X-CUBE-NFC12/Wireless/MID_LIB_NFC12/RFAL/Default_Config/rfal_nfca.o
 .text.rfalNfcaPollerStartSingleCollisionResolution
                0x080126ac       0x9c ./Middlewares/X-CUBE-NFC12/Wireless/MID_LIB_NFC12/RFAL/Default_Config/rfal_nfca.o
 .text.rfalNfcaPollerGetSingleCollisionResolutionStatus
                0x08012748      0x4f4 ./Middlewares/X-CUBE-NFC12/Wireless/MID_LIB_NFC12/RFAL/Default_Config/rfal_nfca.o
 .text.rfalNfcaPollerInitialize
                0x08012c3c       0x48 ./Middlewares/X-CUBE-NFC12/Wireless/MID_LIB_NFC12/RFAL/Default_Config/rfal_nfca.o
                0x08012c3c                rfalNfcaPollerInitialize
 .text.rfalNfcaPollerCheckPresence
                0x08012c84       0x56 ./Middlewares/X-CUBE-NFC12/Wireless/MID_LIB_NFC12/RFAL/Default_Config/rfal_nfca.o
                0x08012c84                rfalNfcaPollerCheckPresence
 *fill*         0x08012cda        0x2 
 .text.rfalNfcaPollerStartTechnologyDetection
                0x08012cdc       0x60 ./Middlewares/X-CUBE-NFC12/Wireless/MID_LIB_NFC12/RFAL/Default_Config/rfal_nfca.o
                0x08012cdc                rfalNfcaPollerStartTechnologyDetection
 .text.rfalNfcaPollerGetTechnologyDetectionStatus
                0x08012d3c       0x38 ./Middlewares/X-CUBE-NFC12/Wireless/MID_LIB_NFC12/RFAL/Default_Config/rfal_nfca.o
                0x08012d3c                rfalNfcaPollerGetTechnologyDetectionStatus
 .text.rfalNfcaPollerStartFullCollisionResolution
                0x08012d74      0x17c ./Middlewares/X-CUBE-NFC12/Wireless/MID_LIB_NFC12/RFAL/Default_Config/rfal_nfca.o
                0x08012d74                rfalNfcaPollerStartFullCollisionResolution
 .text.rfalNfcaPollerGetFullCollisionResolutionStatus
                0x08012ef0      0x1f4 ./Middlewares/X-CUBE-NFC12/Wireless/MID_LIB_NFC12/RFAL/Default_Config/rfal_nfca.o
                0x08012ef0                rfalNfcaPollerGetFullCollisionResolutionStatus
 .text.rfalNfcaPollerStartSelect
                0x080130e4       0x70 ./Middlewares/X-CUBE-NFC12/Wireless/MID_LIB_NFC12/RFAL/Default_Config/rfal_nfca.o
                0x080130e4                rfalNfcaPollerStartSelect
 .text.rfalNfcaPollerGetSelectStatus
                0x08013154      0x134 ./Middlewares/X-CUBE-NFC12/Wireless/MID_LIB_NFC12/RFAL/Default_Config/rfal_nfca.o
                0x08013154                rfalNfcaPollerGetSelectStatus
 .text.rfalNfcaPollerStartSleep
                0x08013288       0x50 ./Middlewares/X-CUBE-NFC12/Wireless/MID_LIB_NFC12/RFAL/Default_Config/rfal_nfca.o
                0x08013288                rfalNfcaPollerStartSleep
 .text.rfalNfcaPollerGetSleepStatus
                0x080132d8       0x22 ./Middlewares/X-CUBE-NFC12/Wireless/MID_LIB_NFC12/RFAL/Default_Config/rfal_nfca.o
                0x080132d8                rfalNfcaPollerGetSleepStatus
 .text.rfalNfcaListenerIsSleepReq
                0x080132fa       0x36 ./Middlewares/X-CUBE-NFC12/Wireless/MID_LIB_NFC12/RFAL/Default_Config/rfal_nfca.o
                0x080132fa                rfalNfcaListenerIsSleepReq
 .text.rfalNfcbCheckSensbRes
                0x08013330       0x42 ./Middlewares/X-CUBE-NFC12/Wireless/MID_LIB_NFC12/RFAL/Default_Config/rfal_nfcb.o
 .text.rfalNfcbPollerSleepTx
                0x08013372       0x52 ./Middlewares/X-CUBE-NFC12/Wireless/MID_LIB_NFC12/RFAL/Default_Config/rfal_nfcb.o
 .text.rfalNfcbPollerInitialize
                0x080133c4       0x58 ./Middlewares/X-CUBE-NFC12/Wireless/MID_LIB_NFC12/RFAL/Default_Config/rfal_nfcb.o
                0x080133c4                rfalNfcbPollerInitialize
 .text.rfalNfcbPollerStartCheckPresence
                0x0801341c       0xa0 ./Middlewares/X-CUBE-NFC12/Wireless/MID_LIB_NFC12/RFAL/Default_Config/rfal_nfcb.o
                0x0801341c                rfalNfcbPollerStartCheckPresence
 .text.rfalNfcbPollerGetCheckPresenceStatus
                0x080134bc       0x6c ./Middlewares/X-CUBE-NFC12/Wireless/MID_LIB_NFC12/RFAL/Default_Config/rfal_nfcb.o
                0x080134bc                rfalNfcbPollerGetCheckPresenceStatus
 .text.rfalNfcbPollerSleep
                0x08013528       0x68 ./Middlewares/X-CUBE-NFC12/Wireless/MID_LIB_NFC12/RFAL/Default_Config/rfal_nfcb.o
                0x08013528                rfalNfcbPollerSleep
 .text.rfalNfcbPollerStartSlotMarker
                0x08013590       0x78 ./Middlewares/X-CUBE-NFC12/Wireless/MID_LIB_NFC12/RFAL/Default_Config/rfal_nfcb.o
                0x08013590                rfalNfcbPollerStartSlotMarker
 .text.rfalNfcbPollerGetSlotMarkerStatus
                0x08013608       0x64 ./Middlewares/X-CUBE-NFC12/Wireless/MID_LIB_NFC12/RFAL/Default_Config/rfal_nfcb.o
                0x08013608                rfalNfcbPollerGetSlotMarkerStatus
 .text.rfalNfcbPollerStartTechnologyDetection
                0x0801366c       0x2e ./Middlewares/X-CUBE-NFC12/Wireless/MID_LIB_NFC12/RFAL/Default_Config/rfal_nfcb.o
                0x0801366c                rfalNfcbPollerStartTechnologyDetection
 .text.rfalNfcbPollerGetTechnologyDetectionStatus
                0x0801369a        0xe ./Middlewares/X-CUBE-NFC12/Wireless/MID_LIB_NFC12/RFAL/Default_Config/rfal_nfcb.o
                0x0801369a                rfalNfcbPollerGetTechnologyDetectionStatus
 .text.rfalNfcbPollerStartCollisionResolution
                0x080136a8       0x38 ./Middlewares/X-CUBE-NFC12/Wireless/MID_LIB_NFC12/RFAL/Default_Config/rfal_nfcb.o
                0x080136a8                rfalNfcbPollerStartCollisionResolution
 .text.rfalNfcbPollerStartSlottedCollisionResolution
                0x080136e0       0xb4 ./Middlewares/X-CUBE-NFC12/Wireless/MID_LIB_NFC12/RFAL/Default_Config/rfal_nfcb.o
                0x080136e0                rfalNfcbPollerStartSlottedCollisionResolution
 .text.rfalNfcbPollerGetCollisionResolutionStatus
                0x08013794      0x3b8 ./Middlewares/X-CUBE-NFC12/Wireless/MID_LIB_NFC12/RFAL/Default_Config/rfal_nfcb.o
                0x08013794                rfalNfcbPollerGetCollisionResolutionStatus
 .text.rfalNfcbTR2ToFDT
                0x08013b4c       0x38 ./Middlewares/X-CUBE-NFC12/Wireless/MID_LIB_NFC12/RFAL/Default_Config/rfal_nfcb.o
                0x08013b4c                rfalNfcbTR2ToFDT
 .text.rfalNfcfComputeValidSENF
                0x08013b84      0x20c ./Middlewares/X-CUBE-NFC12/Wireless/MID_LIB_NFC12/RFAL/Default_Config/rfal_nfcf.o
 .text.rfalNfcfPollerInitialize
                0x08013d90       0x60 ./Middlewares/X-CUBE-NFC12/Wireless/MID_LIB_NFC12/RFAL/Default_Config/rfal_nfcf.o
                0x08013d90                rfalNfcfPollerInitialize
 .text.rfalNfcfPollerStartCheckPresence
                0x08013df0       0x40 ./Middlewares/X-CUBE-NFC12/Wireless/MID_LIB_NFC12/RFAL/Default_Config/rfal_nfcf.o
                0x08013df0                rfalNfcfPollerStartCheckPresence
 .text.rfalNfcfPollerGetCheckPresenceStatus
                0x08013e30        0xe ./Middlewares/X-CUBE-NFC12/Wireless/MID_LIB_NFC12/RFAL/Default_Config/rfal_nfcf.o
                0x08013e30                rfalNfcfPollerGetCheckPresenceStatus
 *fill*         0x08013e3e        0x2 
 .text.rfalNfcfPollerStartCollisionResolution
                0x08013e40       0x7c ./Middlewares/X-CUBE-NFC12/Wireless/MID_LIB_NFC12/RFAL/Default_Config/rfal_nfcf.o
                0x08013e40                rfalNfcfPollerStartCollisionResolution
 .text.rfalNfcfPollerGetCollisionResolutionStatus
                0x08013ebc      0x108 ./Middlewares/X-CUBE-NFC12/Wireless/MID_LIB_NFC12/RFAL/Default_Config/rfal_nfcf.o
                0x08013ebc                rfalNfcfPollerGetCollisionResolutionStatus
 .text.rfalNfcfPollerCheck
                0x08013fc4      0x28c ./Middlewares/X-CUBE-NFC12/Wireless/MID_LIB_NFC12/RFAL/Default_Config/rfal_nfcf.o
                0x08013fc4                rfalNfcfPollerCheck
 .text.rfalNfcvParseError
                0x08014250       0x80 ./Middlewares/X-CUBE-NFC12/Wireless/MID_LIB_NFC12/RFAL/Default_Config/rfal_nfcv.o
 .text.rfalNfcvPollerInitialize
                0x080142d0       0x48 ./Middlewares/X-CUBE-NFC12/Wireless/MID_LIB_NFC12/RFAL/Default_Config/rfal_nfcv.o
                0x080142d0                rfalNfcvPollerInitialize
 .text.rfalNfcvPollerCheckPresence
                0x08014318       0x42 ./Middlewares/X-CUBE-NFC12/Wireless/MID_LIB_NFC12/RFAL/Default_Config/rfal_nfcv.o
                0x08014318                rfalNfcvPollerCheckPresence
 .text.rfalNfcvPollerInventory
                0x0801435a       0xd4 ./Middlewares/X-CUBE-NFC12/Wireless/MID_LIB_NFC12/RFAL/Default_Config/rfal_nfcv.o
                0x0801435a                rfalNfcvPollerInventory
 .text.rfalNfcvPollerCollisionResolution
                0x0801442e      0x368 ./Middlewares/X-CUBE-NFC12/Wireless/MID_LIB_NFC12/RFAL/Default_Config/rfal_nfcv.o
                0x0801442e                rfalNfcvPollerCollisionResolution
 .text.rfalNfcvPollerReadSingleBlock
                0x08014796       0x42 ./Middlewares/X-CUBE-NFC12/Wireless/MID_LIB_NFC12/RFAL/Default_Config/rfal_nfcv.o
                0x08014796                rfalNfcvPollerReadSingleBlock
 .text.rfalNfcvPollerTransceiveReq
                0x080147d8      0x210 ./Middlewares/X-CUBE-NFC12/Wireless/MID_LIB_NFC12/RFAL/Default_Config/rfal_nfcv.o
                0x080147d8                rfalNfcvPollerTransceiveReq
 .text.rfalSt25tbPollerDoCollisionResolution
                0x080149e8      0x116 ./Middlewares/X-CUBE-NFC12/Wireless/MID_LIB_NFC12/RFAL/Default_Config/rfal_st25tb.o
 .text.rfalSt25tbPollerInitialize
                0x08014afe        0xe ./Middlewares/X-CUBE-NFC12/Wireless/MID_LIB_NFC12/RFAL/Default_Config/rfal_st25tb.o
                0x08014afe                rfalSt25tbPollerInitialize
 .text.rfalSt25tbPollerCheckPresence
                0x08014b0c       0x40 ./Middlewares/X-CUBE-NFC12/Wireless/MID_LIB_NFC12/RFAL/Default_Config/rfal_st25tb.o
                0x08014b0c                rfalSt25tbPollerCheckPresence
 .text.rfalSt25tbPollerInitiate
                0x08014b4c       0x5a ./Middlewares/X-CUBE-NFC12/Wireless/MID_LIB_NFC12/RFAL/Default_Config/rfal_st25tb.o
                0x08014b4c                rfalSt25tbPollerInitiate
 .text.rfalSt25tbPollerPcall
                0x08014ba6       0x4c ./Middlewares/X-CUBE-NFC12/Wireless/MID_LIB_NFC12/RFAL/Default_Config/rfal_st25tb.o
                0x08014ba6                rfalSt25tbPollerPcall
 .text.rfalSt25tbPollerSlotMarker
                0x08014bf2       0x66 ./Middlewares/X-CUBE-NFC12/Wireless/MID_LIB_NFC12/RFAL/Default_Config/rfal_st25tb.o
                0x08014bf2                rfalSt25tbPollerSlotMarker
 .text.rfalSt25tbPollerSelect
                0x08014c58       0x58 ./Middlewares/X-CUBE-NFC12/Wireless/MID_LIB_NFC12/RFAL/Default_Config/rfal_st25tb.o
                0x08014c58                rfalSt25tbPollerSelect
 .text.rfalSt25tbPollerGetUID
                0x08014cb0       0x48 ./Middlewares/X-CUBE-NFC12/Wireless/MID_LIB_NFC12/RFAL/Default_Config/rfal_st25tb.o
                0x08014cb0                rfalSt25tbPollerGetUID
 .text.rfalSt25tbPollerCollisionResolution
                0x08014cf8       0xe6 ./Middlewares/X-CUBE-NFC12/Wireless/MID_LIB_NFC12/RFAL/Default_Config/rfal_st25tb.o
                0x08014cf8                rfalSt25tbPollerCollisionResolution
 .text.rfalT1TPollerInitialize
                0x08014dde       0x44 ./Middlewares/X-CUBE-NFC12/Wireless/MID_LIB_NFC12/RFAL/Default_Config/rfal_t1t.o
                0x08014dde                rfalT1TPollerInitialize
 .text.rfalT1TPollerRid
                0x08014e22       0x70 ./Middlewares/X-CUBE-NFC12/Wireless/MID_LIB_NFC12/RFAL/Default_Config/rfal_t1t.o
                0x08014e22                rfalT1TPollerRid
 *fill*         0x08014e92        0x2 
 .text.rfalT2TPollerRead
                0x08014e94       0x78 ./Middlewares/X-CUBE-NFC12/Wireless/MID_LIB_NFC12/RFAL/Default_Config/rfal_t2t.o
                0x08014e94                rfalT2TPollerRead
 .text._vsnprintf_r
                0x08014f0c       0x5c /Applications/STM32CubeIDE.app/Contents/Eclipse/plugins/com.st.stm32cube.ide.mcu.externaltools.gnu-tools-for-stm32.13.3.rel1.macos64_1.0.0.202411102158/tools/bin/../lib/gcc/arm-none-eabi/13.3.1/../../../../arm-none-eabi/lib/thumb/v7e-m+fp/hard/libc_nano.a(libc_a-vsnprintf.o)
                0x08014f0c                _vsnprintf_r
                0x08014f0c                _vsniprintf_r
 .text.vsnprintf
                0x08014f68       0x1c /Applications/STM32CubeIDE.app/Contents/Eclipse/plugins/com.st.stm32cube.ide.mcu.externaltools.gnu-tools-for-stm32.13.3.rel1.macos64_1.0.0.202411102158/tools/bin/../lib/gcc/arm-none-eabi/13.3.1/../../../../arm-none-eabi/lib/thumb/v7e-m+fp/hard/libc_nano.a(libc_a-vsnprintf.o)
                0x08014f68                vsnprintf
                0x08014f68                vsniprintf
 .text.memcmp   0x08014f84       0x20 /Applications/STM32CubeIDE.app/Contents/Eclipse/plugins/com.st.stm32cube.ide.mcu.externaltools.gnu-tools-for-stm32.13.3.rel1.macos64_1.0.0.202411102158/tools/bin/../lib/gcc/arm-none-eabi/13.3.1/../../../../arm-none-eabi/lib/thumb/v7e-m+fp/hard/libc_nano.a(libc_a-memcmp.o)
                0x08014f84                memcmp
 .text.memmove  0x08014fa4       0x34 /Applications/STM32CubeIDE.app/Contents/Eclipse/plugins/com.st.stm32cube.ide.mcu.externaltools.gnu-tools-for-stm32.13.3.rel1.macos64_1.0.0.202411102158/tools/bin/../lib/gcc/arm-none-eabi/13.3.1/../../../../arm-none-eabi/lib/thumb/v7e-m+fp/hard/libc_nano.a(libc_a-memmove.o)
                0x08014fa4                memmove
 .text.memset   0x08014fd8       0x10 /Applications/STM32CubeIDE.app/Contents/Eclipse/plugins/com.st.stm32cube.ide.mcu.externaltools.gnu-tools-for-stm32.13.3.rel1.macos64_1.0.0.202411102158/tools/bin/../lib/gcc/arm-none-eabi/13.3.1/../../../../arm-none-eabi/lib/thumb/v7e-m+fp/hard/libc_nano.a(libc_a-memset.o)
                0x08014fd8                memset
 .text.__errno  0x08014fe8        0xc /Applications/STM32CubeIDE.app/Contents/Eclipse/plugins/com.st.stm32cube.ide.mcu.externaltools.gnu-tools-for-stm32.13.3.rel1.macos64_1.0.0.202411102158/tools/bin/../lib/gcc/arm-none-eabi/13.3.1/../../../../arm-none-eabi/lib/thumb/v7e-m+fp/hard/libc_nano.a(libc_a-errno.o)
                0x08014fe8                __errno
 .text.__libc_init_array
                0x08014ff4       0x48 /Applications/STM32CubeIDE.app/Contents/Eclipse/plugins/com.st.stm32cube.ide.mcu.externaltools.gnu-tools-for-stm32.13.3.rel1.macos64_1.0.0.202411102158/tools/bin/../lib/gcc/arm-none-eabi/13.3.1/../../../../arm-none-eabi/lib/thumb/v7e-m+fp/hard/libc_nano.a(libc_a-init.o)
                0x08014ff4                __libc_init_array
 .text.__retarget_lock_acquire_recursive
                0x0801503c        0x2 /Applications/STM32CubeIDE.app/Contents/Eclipse/plugins/com.st.stm32cube.ide.mcu.externaltools.gnu-tools-for-stm32.13.3.rel1.macos64_1.0.0.202411102158/tools/bin/../lib/gcc/arm-none-eabi/13.3.1/../../../../arm-none-eabi/lib/thumb/v7e-m+fp/hard/libc_nano.a(libc_a-lock.o)
                0x0801503c                __retarget_lock_acquire_recursive
 .text.__retarget_lock_release_recursive
                0x0801503e        0x2 /Applications/STM32CubeIDE.app/Contents/Eclipse/plugins/com.st.stm32cube.ide.mcu.externaltools.gnu-tools-for-stm32.13.3.rel1.macos64_1.0.0.202411102158/tools/bin/../lib/gcc/arm-none-eabi/13.3.1/../../../../arm-none-eabi/lib/thumb/v7e-m+fp/hard/libc_nano.a(libc_a-lock.o)
                0x0801503e                __retarget_lock_release_recursive
 .text.memcpy   0x08015040       0x1c /Applications/STM32CubeIDE.app/Contents/Eclipse/plugins/com.st.stm32cube.ide.mcu.externaltools.gnu-tools-for-stm32.13.3.rel1.macos64_1.0.0.202411102158/tools/bin/../lib/gcc/arm-none-eabi/13.3.1/../../../../arm-none-eabi/lib/thumb/v7e-m+fp/hard/libc_nano.a(libc_a-memcpy-stub.o)
                0x08015040                memcpy
 .text.__ssputs_r
                0x0801505c       0xb6 /Applications/STM32CubeIDE.app/Contents/Eclipse/plugins/com.st.stm32cube.ide.mcu.externaltools.gnu-tools-for-stm32.13.3.rel1.macos64_1.0.0.202411102158/tools/bin/../lib/gcc/arm-none-eabi/13.3.1/../../../../arm-none-eabi/lib/thumb/v7e-m+fp/hard/libc_nano.a(libc_a-nano-svfprintf.o)
                0x0801505c                __ssputs_r
 *fill*         0x08015112        0x2 
 .text._svfprintf_r
                0x08015114      0x1f8 /Applications/STM32CubeIDE.app/Contents/Eclipse/plugins/com.st.stm32cube.ide.mcu.externaltools.gnu-tools-for-stm32.13.3.rel1.macos64_1.0.0.202411102158/tools/bin/../lib/gcc/arm-none-eabi/13.3.1/../../../../arm-none-eabi/lib/thumb/v7e-m+fp/hard/libc_nano.a(libc_a-nano-svfprintf.o)
                0x08015114                _svfprintf_r
                0x08015114                _svfiprintf_r
 .text.sbrk_aligned
                0x0801530c       0x44 /Applications/STM32CubeIDE.app/Contents/Eclipse/plugins/com.st.stm32cube.ide.mcu.externaltools.gnu-tools-for-stm32.13.3.rel1.macos64_1.0.0.202411102158/tools/bin/../lib/gcc/arm-none-eabi/13.3.1/../../../../arm-none-eabi/lib/thumb/v7e-m+fp/hard/libc_nano.a(libc_a-mallocr.o)
 .text._malloc_r
                0x08015350      0x100 /Applications/STM32CubeIDE.app/Contents/Eclipse/plugins/com.st.stm32cube.ide.mcu.externaltools.gnu-tools-for-stm32.13.3.rel1.macos64_1.0.0.202411102158/tools/bin/../lib/gcc/arm-none-eabi/13.3.1/../../../../arm-none-eabi/lib/thumb/v7e-m+fp/hard/libc_nano.a(libc_a-mallocr.o)
                0x08015350                _malloc_r
 .text._printf_common
                0x08015450       0xda /Applications/STM32CubeIDE.app/Contents/Eclipse/plugins/com.st.stm32cube.ide.mcu.externaltools.gnu-tools-for-stm32.13.3.rel1.macos64_1.0.0.202411102158/tools/bin/../lib/gcc/arm-none-eabi/13.3.1/../../../../arm-none-eabi/lib/thumb/v7e-m+fp/hard/libc_nano.a(libc_a-nano-vfprintf_i.o)
                0x08015450                _printf_common
 *fill*         0x0801552a        0x2 
 .text._printf_i
                0x0801552c      0x23c /Applications/STM32CubeIDE.app/Contents/Eclipse/plugins/com.st.stm32cube.ide.mcu.externaltools.gnu-tools-for-stm32.13.3.rel1.macos64_1.0.0.202411102158/tools/bin/../lib/gcc/arm-none-eabi/13.3.1/../../../../arm-none-eabi/lib/thumb/v7e-m+fp/hard/libc_nano.a(libc_a-nano-vfprintf_i.o)
                0x0801552c                _printf_i
 .text.__malloc_lock
                0x08015768        0xc /Applications/STM32CubeIDE.app/Contents/Eclipse/plugins/com.st.stm32cube.ide.mcu.externaltools.gnu-tools-for-stm32.13.3.rel1.macos64_1.0.0.202411102158/tools/bin/../lib/gcc/arm-none-eabi/13.3.1/../../../../arm-none-eabi/lib/thumb/v7e-m+fp/hard/libc_nano.a(libc_a-mlock.o)
                0x08015768                __malloc_lock
 .text.__malloc_unlock
                0x08015774        0xc /Applications/STM32CubeIDE.app/Contents/Eclipse/plugins/com.st.stm32cube.ide.mcu.externaltools.gnu-tools-for-stm32.13.3.rel1.macos64_1.0.0.202411102158/tools/bin/../lib/gcc/arm-none-eabi/13.3.1/../../../../arm-none-eabi/lib/thumb/v7e-m+fp/hard/libc_nano.a(libc_a-mlock.o)
                0x08015774                __malloc_unlock
 .text._realloc_r
                0x08015780       0x5c /Applications/STM32CubeIDE.app/Contents/Eclipse/plugins/com.st.stm32cube.ide.mcu.externaltools.gnu-tools-for-stm32.13.3.rel1.macos64_1.0.0.202411102158/tools/bin/../lib/gcc/arm-none-eabi/13.3.1/../../../../arm-none-eabi/lib/thumb/v7e-m+fp/hard/libc_nano.a(libc_a-reallocr.o)
                0x08015780                _realloc_r
 .text._sbrk_r  0x080157dc       0x20 /Applications/STM32CubeIDE.app/Contents/Eclipse/plugins/com.st.stm32cube.ide.mcu.externaltools.gnu-tools-for-stm32.13.3.rel1.macos64_1.0.0.202411102158/tools/bin/../lib/gcc/arm-none-eabi/13.3.1/../../../../arm-none-eabi/lib/thumb/v7e-m+fp/hard/libc_nano.a(libc_a-sbrkr.o)
                0x080157dc                _sbrk_r
 .text._free_r  0x080157fc       0x94 /Applications/STM32CubeIDE.app/Contents/Eclipse/plugins/com.st.stm32cube.ide.mcu.externaltools.gnu-tools-for-stm32.13.3.rel1.macos64_1.0.0.202411102158/tools/bin/../lib/gcc/arm-none-eabi/13.3.1/../../../../arm-none-eabi/lib/thumb/v7e-m+fp/hard/libc_nano.a(libc_a-freer.o)
                0x080157fc                _free_r
 .text._malloc_usable_size_r
                0x08015890       0x10 /Applications/STM32CubeIDE.app/Contents/Eclipse/plugins/com.st.stm32cube.ide.mcu.externaltools.gnu-tools-for-stm32.13.3.rel1.macos64_1.0.0.202411102158/tools/bin/../lib/gcc/arm-none-eabi/13.3.1/../../../../arm-none-eabi/lib/thumb/v7e-m+fp/hard/libc_nano.a(libc_a-msizer.o)
                0x08015890                _malloc_usable_size_r
 *(.glue_7)
 .glue_7        0x080158a0        0x0 linker stubs
 *(.glue_7t)
 .glue_7t       0x080158a0        0x0 linker stubs
 *(.eh_frame)
 .eh_frame      0x080158a0        0x0 /Applications/STM32CubeIDE.app/Contents/Eclipse/plugins/com.st.stm32cube.ide.mcu.externaltools.gnu-tools-for-stm32.13.3.rel1.macos64_1.0.0.202411102158/tools/bin/../lib/gcc/arm-none-eabi/13.3.1/thumb/v7e-m+fp/hard/crtbegin.o
 *(.init)
 .init          0x080158a0        0x4 /Applications/STM32CubeIDE.app/Contents/Eclipse/plugins/com.st.stm32cube.ide.mcu.externaltools.gnu-tools-for-stm32.13.3.rel1.macos64_1.0.0.202411102158/tools/bin/../lib/gcc/arm-none-eabi/13.3.1/thumb/v7e-m+fp/hard/crti.o
                0x080158a0                _init
 .init          0x080158a4        0x8 /Applications/STM32CubeIDE.app/Contents/Eclipse/plugins/com.st.stm32cube.ide.mcu.externaltools.gnu-tools-for-stm32.13.3.rel1.macos64_1.0.0.202411102158/tools/bin/../lib/gcc/arm-none-eabi/13.3.1/thumb/v7e-m+fp/hard/crtn.o
 *(.fini)
 .fini          0x080158ac        0x4 /Applications/STM32CubeIDE.app/Contents/Eclipse/plugins/com.st.stm32cube.ide.mcu.externaltools.gnu-tools-for-stm32.13.3.rel1.macos64_1.0.0.202411102158/tools/bin/../lib/gcc/arm-none-eabi/13.3.1/thumb/v7e-m+fp/hard/crti.o
                0x080158ac                _fini
 .fini          0x080158b0        0x8 /Applications/STM32CubeIDE.app/Contents/Eclipse/plugins/com.st.stm32cube.ide.mcu.externaltools.gnu-tools-for-stm32.13.3.rel1.macos64_1.0.0.202411102158/tools/bin/../lib/gcc/arm-none-eabi/13.3.1/thumb/v7e-m+fp/hard/crtn.o
                0x080158b8                        . = ALIGN (0x4)
                0x080158b8                        _etext = .

.vfp11_veneer   0x080158b8        0x0
 .vfp11_veneer  0x080158b8        0x0 linker stubs

.v4_bx          0x080158b8        0x0
 .v4_bx         0x080158b8        0x0 linker stubs

.iplt           0x080158b8        0x0
 .iplt          0x080158b8        0x0 /Applications/STM32CubeIDE.app/Contents/Eclipse/plugins/com.st.stm32cube.ide.mcu.externaltools.gnu-tools-for-stm32.13.3.rel1.macos64_1.0.0.202411102158/tools/bin/../lib/gcc/arm-none-eabi/13.3.1/thumb/v7e-m+fp/hard/crtbegin.o

.rodata         0x080158b8      0x968
                0x080158b8                        . = ALIGN (0x4)
 *(.rodata)
 .rodata        0x080158b8       0x59 ./Application/User/app_x-cube-nfc12.o
 *fill*         0x08015911        0x3 
 .rodata        0x08015914       0x84 ./Application/User/demo_ce.o
 .rodata        0x08015998      0x3bc ./Application/User/demo_polling.o
 .rodata        0x08015d54       0x11 ./Application/User/logger.o
 *fill*         0x08015d65        0x3 
 .rodata        0x08015d68       0x54 ./Drivers/BSP/Components/st25r500.o
 .rodata        0x08015dbc        0x8 ./Middlewares/X-CUBE-NFC12/Wireless/MID_LIB_NFC12/RFAL/Default_Config/rfal_nfcb.o
 *(.rodata*)
 .rodata.ndef_uri
                0x08015dc4       0x17 ./Application/User/demo_ce.o
 *fill*         0x08015ddb        0x1 
 .rodata.ButtonGpioInit.3
                0x08015ddc        0x4 ./Application/User/stm32l4xx_nucleo.o
 .rodata.BUTTON_EXTI_LINE.2
                0x08015de0        0x4 ./Application/User/stm32l4xx_nucleo.o
 .rodata.ButtonCallback.1
                0x08015de4        0x4 ./Application/User/stm32l4xx_nucleo.o
 .rodata.BSP_BUTTON_PRIO.0
                0x08015de8        0x4 ./Application/User/stm32l4xx_nucleo.o
 .rodata.AHBPrescTable
                0x08015dec       0x10 ./Drivers/CMSIS/system_stm32l4xx.o
                0x08015dec                AHBPrescTable
 .rodata.APBPrescTable
                0x08015dfc        0x8 ./Drivers/CMSIS/system_stm32l4xx.o
                0x08015dfc                APBPrescTable
 .rodata.MSIRangeTable
                0x08015e04       0x30 ./Drivers/CMSIS/system_stm32l4xx.o
                0x08015e04                MSIRangeTable
 .rodata.rfalAnalogConfigDefaultSettings
                0x08015e34      0x3b7 ./Middlewares/X-CUBE-NFC12/Wireless/MID_LIB_NFC12/RFAL/Default_Config/rfal_analogConfig.o
                0x08015e34                rfalAnalogConfigDefaultSettings
 .rodata._svfprintf_r.str1.1
                0x080161eb       0x33 /Applications/STM32CubeIDE.app/Contents/Eclipse/plugins/com.st.stm32cube.ide.mcu.externaltools.gnu-tools-for-stm32.13.3.rel1.macos64_1.0.0.202411102158/tools/bin/../lib/gcc/arm-none-eabi/13.3.1/../../../../arm-none-eabi/lib/thumb/v7e-m+fp/hard/libc_nano.a(libc_a-nano-svfprintf.o)
                                 0x11 (size before relaxing)
 .rodata._printf_i.str1.1
                0x0801621e       0x22 /Applications/STM32CubeIDE.app/Contents/Eclipse/plugins/com.st.stm32cube.ide.mcu.externaltools.gnu-tools-for-stm32.13.3.rel1.macos64_1.0.0.202411102158/tools/bin/../lib/gcc/arm-none-eabi/13.3.1/../../../../arm-none-eabi/lib/thumb/v7e-m+fp/hard/libc_nano.a(libc_a-nano-vfprintf_i.o)
                0x08016240                        . = ALIGN (0x4)
 *fill*         0x0801621e        0x2 

.ARM.extab      0x08016220        0x0
                0x08016220                        . = ALIGN (0x4)
 *(.ARM.extab* .gnu.linkonce.armextab.*)
                0x08016220                        . = ALIGN (0x4)

.ARM            0x08016220        0x8
                0x08016220                        . = ALIGN (0x4)
                0x08016220                        __exidx_start = .
 *(.ARM.exidx*)
 .ARM.exidx     0x08016220        0x8 /Applications/STM32CubeIDE.app/Contents/Eclipse/plugins/com.st.stm32cube.ide.mcu.externaltools.gnu-tools-for-stm32.13.3.rel1.macos64_1.0.0.202411102158/tools/bin/../lib/gcc/arm-none-eabi/13.3.1/../../../../arm-none-eabi/lib/thumb/v7e-m+fp/hard/libc_nano.a(libc_a-strlen.o)
 .ARM.exidx     0x08016228        0x0 /Applications/STM32CubeIDE.app/Contents/Eclipse/plugins/com.st.stm32cube.ide.mcu.externaltools.gnu-tools-for-stm32.13.3.rel1.macos64_1.0.0.202411102158/tools/bin/../lib/gcc/arm-none-eabi/13.3.1/../../../../arm-none-eabi/lib/thumb/v7e-m+fp/hard/libc_nano.a(libc_a-memchr.o)
                                  0x8 (size before relaxing)
 .ARM.exidx     0x08016228        0x0 /Applications/STM32CubeIDE.app/Contents/Eclipse/plugins/com.st.stm32cube.ide.mcu.externaltools.gnu-tools-for-stm32.13.3.rel1.macos64_1.0.0.202411102158/tools/bin/../lib/gcc/arm-none-eabi/13.3.1/thumb/v7e-m+fp/hard/libgcc.a(_udivmoddi4.o)
                                  0x8 (size before relaxing)
                0x08016228                        __exidx_end = .
                0x08016228                        . = ALIGN (0x4)

.preinit_array  0x08016228        0x0
                0x08016228                        . = ALIGN (0x4)
                0x08016228                        PROVIDE (__preinit_array_start = .)
 *(.preinit_array*)
                0x08016228                        PROVIDE (__preinit_array_end = .)
                0x08016228                        . = ALIGN (0x4)

.init_array     0x08016228        0x4
                0x08016228                        . = ALIGN (0x4)
                0x08016228                        PROVIDE (__init_array_start = .)
 *(SORT_BY_NAME(.init_array.*))
 *(.init_array*)
 .init_array    0x08016228        0x4 /Applications/STM32CubeIDE.app/Contents/Eclipse/plugins/com.st.stm32cube.ide.mcu.externaltools.gnu-tools-for-stm32.13.3.rel1.macos64_1.0.0.202411102158/tools/bin/../lib/gcc/arm-none-eabi/13.3.1/thumb/v7e-m+fp/hard/crtbegin.o
                0x0801622c                        PROVIDE (__init_array_end = .)
                0x0801622c                        . = ALIGN (0x4)

.fini_array     0x0801622c        0x4
                0x0801622c                        . = ALIGN (0x4)
                [!provide]                        PROVIDE (__fini_array_start = .)
 *(SORT_BY_NAME(.fini_array.*))
 *(.fini_array*)
 .fini_array    0x0801622c        0x4 /Applications/STM32CubeIDE.app/Contents/Eclipse/plugins/com.st.stm32cube.ide.mcu.externaltools.gnu-tools-for-stm32.13.3.rel1.macos64_1.0.0.202411102158/tools/bin/../lib/gcc/arm-none-eabi/13.3.1/thumb/v7e-m+fp/hard/crtbegin.o