/Users/faner/Documents/Repo/NFC12A1+L476/Projects/NUCLEO-L476RG/Applications/NFC12A1_PollingTagDetect/Src/app_x-cube-nfc12.c:50:6:MX_X_CUBE_NFC12_Init	8	static
/Users/faner/Documents/Repo/NFC12A1+L476/Projects/NUCLEO-L476RG/Applications/NFC12A1_PollingTagDetect/Src/app_x-cube-nfc12.c:74:6:MX_X_CUBE_NFC12_Process	8	static
/Users/faner/Documents/Repo/NFC12A1+L476/Projects/NUCLEO-L476RG/Applications/NFC12A1_PollingTagDetect/Src/app_x-cube-nfc12.c:83:6:MX_NFC12_PollingDemo_Init	16	static
/Users/faner/Documents/Repo/NFC12A1+L476/Projects/NUCLEO-L476RG/Applications/NFC12A1_PollingTagDetect/Src/app_x-cube-nfc12.c:149:9:BSP_NFC0XCOMM_SendRecv	40	static
/Users/faner/Documents/Repo/NFC12A1+L476/Projects/NUCLEO-L476RG/Applications/NFC12A1_PollingTagDetect/Src/app_x-cube-nfc12.c:186:13:BSP_NFC0XCOMM_IRQ_Callback	8	static
