/Users/faner/Documents/Repo/NFC12A1+L476/Projects/NUCLEO-L476RG/Applications/NFC12A1_PollingTagDetect/Src/demo_polling.c:171:10:demoGetDiscoverTechs2Find	4	static
/Users/faner/Documents/Repo/NFC12A1+L476/Projects/NUCLEO-L476RG/Applications/NFC12A1_PollingTagDetect/Src/demo_polling.c:181:10:demoGetDiscoverTotalDuration	4	static
/Users/faner/Documents/Repo/NFC12A1+L476/Projects/NUCLEO-L476RG/Applications/NFC12A1_PollingTagDetect/Src/demo_polling.c:193:13:demoNotif	24	static
/Users/faner/Documents/Repo/NFC12A1+L476/Projects/NUCLEO-L476RG/Applications/NFC12A1_PollingTagDetect/Src/demo_polling.c:243:6:demoIni	24	static
/Users/faner/Documents/Repo/NFC12A1+L476/Projects/NUCLEO-L476RG/Applications/NFC12A1_PollingTagDetect/Src/demo_polling.c:343:6:demoCycle	32	static
/Users/faner/Documents/Repo/NFC12A1+L476/Projects/NUCLEO-L476RG/Applications/NFC12A1_PollingTagDetect/Src/demo_polling.c:532:6:demoStop	8	static
/Users/faner/Documents/Repo/NFC12A1+L476/Projects/NUCLEO-L476RG/Applications/NFC12A1_PollingTagDetect/Src/demo_polling.c:538:13:demoCE	200	static
/Users/faner/Documents/Repo/NFC12A1+L476/Projects/NUCLEO-L476RG/Applications/NFC12A1_PollingTagDetect/Src/demo_polling.c:588:13:demoNfcf	128	static
/Users/faner/Documents/Repo/NFC12A1+L476/Projects/NUCLEO-L476RG/Applications/NFC12A1_PollingTagDetect/Src/demo_polling.c:676:13:demoNfcv	344	static
/Users/faner/Documents/Repo/NFC12A1+L476/Projects/NUCLEO-L476RG/Applications/NFC12A1_PollingTagDetect/Src/demo_polling.c:768:13:demoT2t	40	static
/Users/faner/Documents/Repo/NFC12A1+L476/Projects/NUCLEO-L476RG/Applications/NFC12A1_PollingTagDetect/Src/demo_polling.c:795:6:demoP2P	40	static
/Users/faner/Documents/Repo/NFC12A1+L476/Projects/NUCLEO-L476RG/Applications/NFC12A1_PollingTagDetect/Src/demo_polling.c:850:6:demoAPDU	40	static
/Users/faner/Documents/Repo/NFC12A1+L476/Projects/NUCLEO-L476RG/Applications/NFC12A1_PollingTagDetect/Src/demo_polling.c:902:12:demoTransceiveBlocking	40	static
