/Users/faner/Documents/Repo/NFC12A1+L476/Projects/NUCLEO-L476RG/Applications/NFC12A1_PollingTagDetect/Src/main.c:65:5:main	1
/Users/faner/Documents/Repo/NFC12A1+L476/Projects/NUCLEO-L476RG/Applications/NFC12A1_PollingTagDetect/Src/main.c:111:6:SystemClock_Config	4
/Users/faner/Documents/Repo/NFC12A1+L476/Projects/NUCLEO-L476RG/Applications/NFC12A1_PollingTagDetect/Src/main.c:172:13:MX_GPIO_Init	1
/Users/faner/Documents/Repo/NFC12A1+L476/Projects/NUCLEO-L476RG/Applications/NFC12A1_PollingTagDetect/Src/main.c:235:6:Error_Handler	1
