/Users/faner/Documents/Repo/NFC12A1+L476/Projects/NUCLEO-L476RG/Applications/NFC12A1_PollingTagDetect/Src/stm32l4xx_nucleo.c:90:9:BSP_GetVersion	4	static
/Users/faner/Documents/Repo/NFC12A1+L476/Projects/NUCLEO-L476RG/Applications/NFC12A1_PollingTagDetect/Src/stm32l4xx_nucleo.c:107:9:BSP_PB_Init	24	static
/Users/faner/Documents/Repo/NFC12A1+L476/Projects/NUCLEO-L476RG/Applications/NFC12A1_PollingTagDetect/Src/stm32l4xx_nucleo.c:147:9:BSP_PB_DeInit	40	static
/Users/faner/Documents/Repo/NFC12A1+L476/Projects/NUCLEO-L476RG/Applications/NFC12A1_PollingTagDetect/Src/stm32l4xx_nucleo.c:165:9:BSP_PB_GetState	16	static
/Users/faner/Documents/Repo/NFC12A1+L476/Projects/NUCLEO-L476RG/Applications/NFC12A1_PollingTagDetect/Src/stm32l4xx_nucleo.c:174:6:BSP_PB_IRQHandler	16	static
/Users/faner/Documents/Repo/NFC12A1+L476/Projects/NUCLEO-L476RG/Applications/NFC12A1_PollingTagDetect/Src/stm32l4xx_nucleo.c:184:13:BSP_PB_Callback	16	static
/Users/faner/Documents/Repo/NFC12A1+L476/Projects/NUCLEO-L476RG/Applications/NFC12A1_PollingTagDetect/Src/stm32l4xx_nucleo.c:197:13:BUTTON_USER_EXTI_Callback	8	static
/Users/faner/Documents/Repo/NFC12A1+L476/Projects/NUCLEO-L476RG/Applications/NFC12A1_PollingTagDetect/Src/stm32l4xx_nucleo.c:206:13:BUTTON_USER_GPIO_Init	40	static
/Users/faner/Documents/Repo/NFC12A1+L476/Projects/NUCLEO-L476RG/Applications/NFC12A1_PollingTagDetect/Src/stm32l4xx_nucleo.c:233:9:BSP_COM_Init	24	static
/Users/faner/Documents/Repo/NFC12A1+L476/Projects/NUCLEO-L476RG/Applications/NFC12A1_PollingTagDetect/Src/stm32l4xx_nucleo.c:271:9:BSP_COM_DeInit	24	static
/Users/faner/Documents/Repo/NFC12A1+L476/Projects/NUCLEO-L476RG/Applications/NFC12A1_PollingTagDetect/Src/stm32l4xx_nucleo.c:308:26:MX_USART2_UART_Init	24	static
/Users/faner/Documents/Repo/NFC12A1+L476/Projects/NUCLEO-L476RG/Applications/NFC12A1_PollingTagDetect/Src/stm32l4xx_nucleo.c:412:9:BSP_COM_SelectLogPort	16	static
/Users/faner/Documents/Repo/NFC12A1+L476/Projects/NUCLEO-L476RG/Applications/NFC12A1_PollingTagDetect/Src/stm32l4xx_nucleo.c:458:5:__io_putchar	16	static
/Users/faner/Documents/Repo/NFC12A1+L476/Projects/NUCLEO-L476RG/Applications/NFC12A1_PollingTagDetect/Src/stm32l4xx_nucleo.c:471:13:USART2_MspInit	184	static
/Users/faner/Documents/Repo/NFC12A1+L476/Projects/NUCLEO-L476RG/Applications/NFC12A1_PollingTagDetect/Src/stm32l4xx_nucleo.c:512:13:USART2_MspDeInit	16	static
